Archive member included to satisfy reference by file (symbol)

app/libapp.a(main.c.obj)      (--whole-archive)
zephyr/libzephyr.a(heap.c.obj)
                              (--whole-archive)
zephyr/libzephyr.a(cbprintf_packaged.c.obj)
                              (--whole-archive)
zephyr/libzephyr.a(printk.c.obj)
                              (--whole-archive)
zephyr/libzephyr.a(sem.c.obj)
                              (--whole-archive)
zephyr/libzephyr.a(thread_entry.c.obj)
                              (--whole-archive)
zephyr/libzephyr.a(cbprintf_complete.c.obj)
                              (--whole-archive)
zephyr/libzephyr.a(assert.c.obj)
                              (--whole-archive)
zephyr/libzephyr.a(dec.c.obj)
                              (--whole-archive)
zephyr/libzephyr.a(hex.c.obj)
                              (--whole-archive)
zephyr/libzephyr.a(rb.c.obj)  (--whole-archive)
zephyr/libzephyr.a(timeutil.c.obj)
                              (--whole-archive)
zephyr/libzephyr.a(bitarray.c.obj)
                              (--whole-archive)
zephyr/libzephyr.a(configs.c.obj)
                              (--whole-archive)
zephyr/libzephyr.a(soc.c.obj)
                              (--whole-archive)
zephyr/libzephyr.a(device_power.c.obj)
                              (--whole-archive)
zephyr/libzephyr.a(power.c.obj)
                              (--whole-archive)
zephyr/libzephyr.a(pm.c.obj)  (--whole-archive)
zephyr/libzephyr.a(policy.c.obj)
                              (--whole-archive)
zephyr/libzephyr.a(state.c.obj)
                              (--whole-archive)
zephyr/libzephyr.a(tracing_none.c.obj)
                              (--whole-archive)
zephyr/arch/common/libarch__common.a(sw_isr_common.c.obj)
                              (--whole-archive)
zephyr/arch/arch/arm/core/libarch__arm__core.a(fatal.c.obj)
                              (--whole-archive)
zephyr/arch/arch/arm/core/libarch__arm__core.a(nmi.c.obj)
                              (--whole-archive)
zephyr/arch/arch/arm/core/libarch__arm__core.a(nmi_on_reset.S.obj)
                              (--whole-archive)
zephyr/arch/arch/arm/core/libarch__arm__core.a(tls.c.obj)
                              (--whole-archive)
zephyr/arch/arch/arm/core/cortex_m/libarch__arm__core__cortex_m.a(exc_exit.c.obj)
                              (--whole-archive)
zephyr/arch/arch/arm/core/cortex_m/libarch__arm__core__cortex_m.a(fault.c.obj)
                              (--whole-archive)
zephyr/arch/arch/arm/core/cortex_m/libarch__arm__core__cortex_m.a(fault_s.S.obj)
                              (--whole-archive)
zephyr/arch/arch/arm/core/cortex_m/libarch__arm__core__cortex_m.a(fpu.c.obj)
                              (--whole-archive)
zephyr/arch/arch/arm/core/cortex_m/libarch__arm__core__cortex_m.a(reset.S.obj)
                              (--whole-archive)
zephyr/arch/arch/arm/core/cortex_m/libarch__arm__core__cortex_m.a(scb.c.obj)
                              (--whole-archive)
zephyr/arch/arch/arm/core/cortex_m/libarch__arm__core__cortex_m.a(thread_abort.c.obj)
                              (--whole-archive)
zephyr/arch/arch/arm/core/cortex_m/libarch__arm__core__cortex_m.a(vector_table.S.obj)
                              (--whole-archive)
zephyr/arch/arch/arm/core/cortex_m/libarch__arm__core__cortex_m.a(swap.c.obj)
                              (--whole-archive)
zephyr/arch/arch/arm/core/cortex_m/libarch__arm__core__cortex_m.a(swap_helper.S.obj)
                              (--whole-archive)
zephyr/arch/arch/arm/core/cortex_m/libarch__arm__core__cortex_m.a(irq_manage.c.obj)
                              (--whole-archive)
zephyr/arch/arch/arm/core/cortex_m/libarch__arm__core__cortex_m.a(prep_c.c.obj)
                              (--whole-archive)
zephyr/arch/arch/arm/core/cortex_m/libarch__arm__core__cortex_m.a(thread.c.obj)
                              (--whole-archive)
zephyr/arch/arch/arm/core/cortex_m/libarch__arm__core__cortex_m.a(cpu_idle.c.obj)
                              (--whole-archive)
zephyr/arch/arch/arm/core/cortex_m/libarch__arm__core__cortex_m.a(irq_init.c.obj)
                              (--whole-archive)
zephyr/arch/arch/arm/core/cortex_m/libarch__arm__core__cortex_m.a(isr_wrapper.c.obj)
                              (--whole-archive)
zephyr/arch/arch/arm/core/cortex_m/libarch__arm__core__cortex_m.a(__aeabi_read_tp.S.obj)
                              (--whole-archive)
zephyr/lib/libc/picolibc/liblib__libc__picolibc.a(libc-hooks.c.obj)
                              (--whole-archive)
zephyr/lib/libc/common/liblib__libc__common.a(abort.c.obj)
                              (--whole-archive)
zephyr/lib/libc/common/liblib__libc__common.a(malloc.c.obj)
                              (--whole-archive)
zephyr/drivers/clock_control/libdrivers__clock_control.a(clock_control_mchp_xec.c.obj)
                              (--whole-archive)
zephyr/drivers/console/libdrivers__console.a(uart_console.c.obj)
[...]
Memory Configuration

Name             Origin             Length             Attributes
FLASH            0x00000000000e0000 0x0000000000038000 xr
RAM              0x0000000000118000 0x0000000000008000 xw
IDT_LIST         0x00000000ffff7fff 0x0000000000008000 xw
*default*        0x0000000000000000 0xffffffffffffffff

Linker script and memory map

                0x00000000000e2338                vfprintf = __l_vfprintf
                0x0000000000000000                vfscanf = __l_vfscanf
LOAD zephyr/CMakeFiles/zephyr_pre0.dir/misc/empty_file.c.obj
LOAD zephyr/CMakeFiles/offsets.dir/./arch/arm/core/offsets/offsets.c.obj
LOAD app/libapp.a
LOAD zephyr/libzephyr.a
LOAD zephyr/arch/common/libarch__common.a
LOAD zephyr/arch/arch/arm/core/libarch__arm__core.a
LOAD zephyr/arch/arch/arm/core/cortex_m/libarch__arm__core__cortex_m.a
LOAD zephyr/lib/libc/picolibc/liblib__libc__picolibc.a
LOAD zephyr/lib/libc/common/liblib__libc__common.a
LOAD zephyr/drivers/clock_control/libdrivers__clock_control.a
LOAD zephyr/drivers/console/libdrivers__console.a
LOAD zephyr/drivers/gpio/libdrivers__gpio.a
LOAD zephyr/drivers/pinctrl/libdrivers__pinctrl.a
LOAD zephyr/drivers/serial/libdrivers__serial.a
LOAD zephyr/drivers/timer/libdrivers__timer.a
LOAD zephyr/kernel/libkernel.a
LOAD /home/jayesh/zephyr-sdk-0.16.8/arm-zephyr-eabi/bin/../lib/gcc/arm-zephyr-eabi/12.2.0/thumb/v7e-m/nofp/libgcc.a
LOAD zephyr/arch/common/libisr_tables.a
LOAD /home/jayesh/zephyr-sdk-0.16.8/arm-zephyr-eabi/bin/../lib/gcc/../../picolibc/arm-zephyr-eabi/lib/thumb/v7e-m/nofp/libc.a
LOAD /home/jayesh/zephyr-sdk-0.16.8/arm-zephyr-eabi/bin/../lib/gcc/arm-zephyr-eabi/12.2.0/thumb/v7e-m/nofp/libgcc.a
                0x0000000000000004                _region_min_align = 0x4

.rel.plt        0x00000000000e0000        0x0
 *(SORT_BY_ALIGNMENT(.rel.plt))
                [!provide]                        PROVIDE (__rel_iplt_start = .)
 *(SORT_BY_ALIGNMENT(.rel.iplt))
 .rel.iplt      0x00000000000e0000        0x0 app/libapp.a(main.c.obj)
                [!provide]                        PROVIDE (__rel_iplt_end = .)

.rela.plt       0x0000000000000000        0x0
 *(SORT_BY_ALIGNMENT(.rela.plt))
                [!provide]                        PROVIDE (__rela_iplt_start = .)
 *(SORT_BY_ALIGNMENT(.rela.iplt))
                [!provide]                        PROVIDE (__rela_iplt_end = .)

.rel.dyn
 *(SORT_BY_ALIGNMENT(.rel.*))

.rela.dyn
 *(SORT_BY_ALIGNMENT(.rela.*))

/DISCARD/
 *(SORT_BY_ALIGNMENT(.plt))

/DISCARD/
 *(SORT_BY_ALIGNMENT(.iplt))
                0x00000000000e0000                __rom_region_start = 0xe0000

rom_start       0x00000000000e0000      0x2f8
                0x00000000000e0000                __rom_start_address = .
 FILL mask 0x00
                0x00000000000e0000                . = (. + (0x0 - (. - __rom_start_address)))
                0x00000000000e0000                . = ALIGN (0x4)
                0x00000000000e0000                . = ALIGN (0x80)
                0x00000000000e0000                . = ALIGN (0x400)
                0x00000000000e0000                _vector_start = .
 *(SORT_BY_ALIGNMENT(.exc_vector_table))
 *(SORT_BY_ALIGNMENT(.exc_vector_table.*))
 .exc_vector_table._vector_table_section
                0x00000000000e0000       0x40 zephyr/arch/arch/arm/core/cortex_m/libarch__arm__core__cortex_m.a(vector_table.S.obj)
                0x00000000000e0000                _vector_table
 *(SORT_BY_ALIGNMENT(.vectors))
                0x00000000000e02f8                _vector_end = .
                0x00000000000e0040                . = ALIGN (0x4)
 *(SORT_BY_ALIGNMENT(.gnu.linkonce.irq_vector_table*))
 .gnu.linkonce.irq_vector_table
                0x00000000000e0040      0x2b8 zephyr/arch/common/libisr_tables.a(isr_tables.c.obj)
                0x00000000000e0040                _irq_vector_table
                0x00000000000e02f8                _vector_end = .

text            0x00000000000e02f8     0x2bfc
                0x00000000000e02f8                __text_region_start = .
 *(SORT_BY_ALIGNMENT(.text))
 .text          0x00000000000e02f8       0x30 /home/jayesh/zephyr-sdk-0.16.8/arm-zephyr-eabi/bin/../lib/gcc/arm-zephyr-eabi/12.2.0/thumb/v7e-m/nofp/libgcc.a(_aeabi_uldivmod.o)
                0x00000000000e02f8                __aeabi_uldivmod
 .text          0x00000000000e0328        0x4 /home/jayesh/zephyr-sdk-0.16.8/arm-zephyr-eabi/bin/../lib/gcc/arm-zephyr-eabi/12.2.0/thumb/v7e-m/nofp/libgcc.a(_dvmd_tls.o)
                0x00000000000e0328                __aeabi_ldiv0
                0x00000000000e0328                __aeabi_idiv0
 .text          0x00000000000e032c      0x2a0 /home/jayesh/zephyr-sdk-0.16.8/arm-zephyr-eabi/bin/../lib/gcc/arm-zephyr-eabi/12.2.0/thumb/v7e-m/nofp/libgcc.a(_udivmoddi4.o)
                0x00000000000e032c                __udivmoddi4
 *(SORT_BY_ALIGNMENT(.text.*))
 .text.main     0x00000000000e05cc       0x18 app/libapp.a(main.c.obj)
                0x00000000000e05cc                main
 .text.char_out
                0x00000000000e05e4        0xc zephyr/libzephyr.a(printk.c.obj)
 .text.__printk_hook_install
                0x00000000000e05f0        0xc zephyr/libzephyr.a(printk.c.obj)
                0x00000000000e05f0                __printk_hook_install
 .text.vprintk  0x00000000000e05fc       0x30 zephyr/libzephyr.a(printk.c.obj)
                0x00000000000e05fc                vprintk
 .text.z_thread_entry
                0x00000000000e062c       0x34 zephyr/libzephyr.a(thread_entry.c.obj)
                0x00000000000e062c                z_thread_entry
 .text.soc_init
                0x00000000000e0660       0x88 zephyr/libzephyr.a(soc.c.obj)
 .text.soc_lite_sleep_enable
                0x00000000000e06e8       0x1c zephyr/libzephyr.a(device_power.c.obj)
                0x00000000000e06e8                soc_lite_sleep_enable
 .text.soc_deep_sleep_enable
                0x00000000000e0704       0x18 zephyr/libzephyr.a(device_power.c.obj)
                0x00000000000e0704                soc_deep_sleep_enable
 .text.soc_deep_sleep_disable
                0x00000000000e071c       0x1c zephyr/libzephyr.a(device_power.c.obj)
                0x00000000000e071c                soc_deep_sleep_disable
 .text.soc_deep_sleep_periph_save
                0x00000000000e0738       0x90 zephyr/libzephyr.a(device_power.c.obj)
                0x00000000000e0738                soc_deep_sleep_periph_save
 .text.soc_deep_sleep_periph_restore
                0x00000000000e07c8       0x60 zephyr/libzephyr.a(device_power.c.obj)
                0x00000000000e07c8                soc_deep_sleep_periph_restore
 .text.pm_state_set
                0x00000000000e0828       0x70 zephyr/libzephyr.a(power.c.obj)
                0x00000000000e0828                pm_state_set
 .text.pm_state_notify
                0x00000000000e0898       0x58 zephyr/libzephyr.a(pm.c.obj)
 .text.pm_system_resume
                0x00000000000e08f0       0x64 zephyr/libzephyr.a(pm.c.obj)
                0x00000000000e08f0                pm_system_resume
 .text.pm_system_suspend
                0x00000000000e0954       0xec zephyr/libzephyr.a(pm.c.obj)
                0x00000000000e0954                pm_system_suspend
 .text.pm_policy_state_lock_is_active
                0x00000000000e0a40       0x58 zephyr/libzephyr.a(policy.c.obj)
                0x00000000000e0a40                pm_policy_state_lock_is_active
 .text.pm_policy_next_state
                0x00000000000e0a98       0xfc zephyr/libzephyr.a(policy.c.obj)
                0x00000000000e0a98                pm_policy_next_state
 .text.pm_state_cpu_get_all
                0x00000000000e0b94       0x20 zephyr/libzephyr.a(state.c.obj)
                0x00000000000e0b94                pm_state_cpu_get_all
 .text.z_SysNmiOnReset
                0x00000000000e0bb4        0x8 zephyr/arch/arch/arm/core/libarch__arm__core.a(nmi_on_reset.S.obj)
                0x00000000000e0bb4                z_SysNmiOnReset
 .text.arch_tls_stack_setup
                0x00000000000e0bbc       0x40 zephyr/arch/arch/arm/core/libarch__arm__core.a(tls.c.obj)
                0x00000000000e0bbc                arch_tls_stack_setup
 .text._HandlerModeExit
                0x00000000000e0bfc       0x28 zephyr/arch/arch/arm/core/cortex_m/libarch__arm__core__cortex_m.a(exc_exit.c.obj)
                0x00000000000e0bfc                z_arm_exc_exit
                0x00000000000e0bfc                z_arm_int_exit
 .text.usage_fault.constprop.0
                0x00000000000e0c24       0x54 zephyr/arch/arch/arm/core/cortex_m/libarch__arm__core__cortex_m.a(fault.c.obj)
 .text.bus_fault.constprop.0
                0x00000000000e0c78       0x60 zephyr/arch/arch/arm/core/cortex_m/libarch__arm__core__cortex_m.a(fault.c.obj)
 .text.mem_manage_fault.constprop.0
                0x00000000000e0cd8       0x5c zephyr/arch/arch/arm/core/cortex_m/libarch__arm__core__cortex_m.a(fault.c.obj)
 .text.z_arm_fault
                0x00000000000e0d34      0x124 zephyr/arch/arch/arm/core/cortex_m/libarch__arm__core__cortex_m.a(fault.c.obj)
                0x00000000000e0d34                z_arm_fault
 .text.z_arm_fault_init
                0x00000000000e0e58       0x18 zephyr/arch/arch/arm/core/cortex_m/libarch__arm__core__cortex_m.a(fault.c.obj)
                0x00000000000e0e58                z_arm_fault_init
 .text.__fault  0x00000000000e0e70       0x14 zephyr/arch/arch/arm/core/cortex_m/libarch__arm__core__cortex_m.a(fault_s.S.obj)
                0x00000000000e0e70                z_arm_bus_fault
                0x00000000000e0e70                z_arm_usage_fault
                0x00000000000e0e70                z_arm_mpu_fault
                0x00000000000e0e70                z_arm_exc_spurious
                0x00000000000e0e70                z_arm_debug_monitor
                0x00000000000e0e70                z_arm_hard_fault
 .text._reset_section
                0x00000000000e0e84       0x2c zephyr/arch/arch/arm/core/cortex_m/libarch__arm__core__cortex_m.a(reset.S.obj)
                0x00000000000e0e84                z_arm_reset
                0x00000000000e0e84                __start
 .text.z_impl_k_thread_abort
                0x00000000000e0eb0       0x2c zephyr/arch/arch/arm/core/cortex_m/libarch__arm__core__cortex_m.a(thread_abort.c.obj)
                0x00000000000e0eb0                z_impl_k_thread_abort
 .text.arch_swap
                0x00000000000e0edc       0x30 zephyr/arch/arch/arm/core/cortex_m/libarch__arm__core__cortex_m.a(swap.c.obj)
                0x00000000000e0edc                arch_swap
 .text.z_arm_pendsv_c
                0x00000000000e0f0c       0x40 zephyr/arch/arch/arm/core/cortex_m/libarch__arm__core__cortex_m.a(swap.c.obj)
                0x00000000000e0f0c                z_arm_pendsv_c
 .text.z_arm_pendsv
                0x00000000000e0f4c       0x34 zephyr/arch/arch/arm/core/cortex_m/libarch__arm__core__cortex_m.a(swap_helper.S.obj)
                0x00000000000e0f4c                z_arm_pendsv
 .text.z_arm_svc
                0x00000000000e0f80       0x20 zephyr/arch/arch/arm/core/cortex_m/libarch__arm__core__cortex_m.a(swap_helper.S.obj)
                0x00000000000e0f80                z_arm_svc
 .text.arch_irq_enable
                0x00000000000e0fa0       0x1c zephyr/arch/arch/arm/core/cortex_m/libarch__arm__core__cortex_m.a(irq_manage.c.obj)
                0x00000000000e0fa0                arch_irq_enable
 .text.z_arm_irq_priority_set
                0x00000000000e0fbc       0x30 zephyr/arch/arch/arm/core/cortex_m/libarch__arm__core__cortex_m.a(irq_manage.c.obj)
                0x00000000000e0fbc                z_arm_irq_priority_set
 .text.z_prep_c
                0x00000000000e0fec       0x2c zephyr/arch/arch/arm/core/cortex_m/libarch__arm__core__cortex_m.a(prep_c.c.obj)
                0x00000000000e0fec                z_prep_c
 .text.arch_new_thread
                0x00000000000e1018       0x38 zephyr/arch/arch/arm/core/cortex_m/libarch__arm__core__cortex_m.a(thread.c.obj)
                0x00000000000e1018                arch_new_thread
 .text.arch_switch_to_main_thread
                0x00000000000e1050       0x40 zephyr/arch/arch/arm/core/cortex_m/libarch__arm__core__cortex_m.a(thread.c.obj)
                0x00000000000e1050                arch_switch_to_main_thread
 .text.z_arm_cpu_idle_init
                0x00000000000e1090        0xc zephyr/arch/arch/arm/core/cortex_m/libarch__arm__core__cortex_m.a(cpu_idle.c.obj)
                0x00000000000e1090                z_arm_cpu_idle_init
 .text.z_arm_interrupt_init
                0x00000000000e109c       0x18 zephyr/arch/arch/arm/core/cortex_m/libarch__arm__core__cortex_m.a(irq_init.c.obj)
                0x00000000000e109c                z_arm_interrupt_init
 .text._isr_wrapper
                0x00000000000e10b4       0x38 zephyr/arch/arch/arm/core/cortex_m/libarch__arm__core__cortex_m.a(isr_wrapper.c.obj)
                0x00000000000e10b4                _isr_wrapper
 .text.z_impl_zephyr_fputc
                0x00000000000e10ec       0x10 zephyr/lib/libc/picolibc/liblib__libc__picolibc.a(libc-hooks.c.obj)
                0x00000000000e10ec                z_impl_zephyr_fputc
 .text.__stdout_hook_install
                0x00000000000e10fc       0x18 zephyr/lib/libc/picolibc/liblib__libc__picolibc.a(libc-hooks.c.obj)
                0x00000000000e10fc                __stdout_hook_install
 .text.malloc_prepare
                0x00000000000e1114       0x20 zephyr/lib/libc/common/liblib__libc__common.a(malloc.c.obj)
 .text.xec_clock_control_core_clock_divider_set
                0x00000000000e1134       0x24 zephyr/drivers/clock_control/libdrivers__clock_control.a(clock_control_mchp_xec.c.obj)
 .text.xec_clock_control_get_subsys_rate
                0x00000000000e1158       0x40 zephyr/drivers/clock_control/libdrivers__clock_control.a(clock_control_mchp_xec.c.obj)
 .text.xec_cc_on.constprop.0
                0x00000000000e1198       0x7c zephyr/drivers/clock_control/libdrivers__clock_control.a(clock_control_mchp_xec.c.obj)
 .text.xec_clock_control_init
                0x00000000000e1214       0xe4 zephyr/drivers/clock_control/libdrivers__clock_control.a(clock_control_mchp_xec.c.obj)
 .text.uart_console_init
                0x00000000000e12f8       0x28 zephyr/drivers/console/libdrivers__console.a(uart_console.c.obj)
 .text.console_out
                0x00000000000e1320       0x28 zephyr/drivers/console/libdrivers__console.a(uart_console.c.obj)
 .text.gpio_xec_configure
                0x00000000000e1348       0xc8 zephyr/drivers/gpio/libdrivers__gpio.a(gpio_mchp_xec.c.obj)
 .text.gpio_xec_pin_interrupt_configure
                0x00000000000e1410       0xd4 zephyr/drivers/gpio/libdrivers__gpio.a(gpio_mchp_xec.c.obj)
 .text.gpio_xec_port_set_masked_raw
                0x00000000000e14e4       0x20 zephyr/drivers/gpio/libdrivers__gpio.a(gpio_mchp_xec.c.obj)
 .text.gpio_xec_port_set_bits_raw
                0x00000000000e1504       0x18 zephyr/drivers/gpio/libdrivers__gpio.a(gpio_mchp_xec.c.obj)
 .text.gpio_xec_port_clear_bits_raw
                0x00000000000e151c       0x1c zephyr/drivers/gpio/libdrivers__gpio.a(gpio_mchp_xec.c.obj)
 .text.gpio_xec_port_toggle_bits
                0x00000000000e1538       0x18 zephyr/drivers/gpio/libdrivers__gpio.a(gpio_mchp_xec.c.obj)
 .text.gpio_xec_port_get_raw
                0x00000000000e1550       0x14 zephyr/drivers/gpio/libdrivers__gpio.a(gpio_mchp_xec.c.obj)
 .text.gpio_xec_port000_036_init
                0x00000000000e1564       0x28 zephyr/drivers/gpio/libdrivers__gpio.a(gpio_mchp_xec.c.obj)
 .text.gpio_xec_port040_076_init
                0x00000000000e158c       0x28 zephyr/drivers/gpio/libdrivers__gpio.a(gpio_mchp_xec.c.obj)
 .text.gpio_xec_port100_136_init
                0x00000000000e15b4       0x2c zephyr/drivers/gpio/libdrivers__gpio.a(gpio_mchp_xec.c.obj)
 .text.gpio_xec_port140_176_init
                0x00000000000e15e0       0x28 zephyr/drivers/gpio/libdrivers__gpio.a(gpio_mchp_xec.c.obj)
 .text.gpio_xec_port200_236_init
                0x00000000000e1608       0x28 zephyr/drivers/gpio/libdrivers__gpio.a(gpio_mchp_xec.c.obj)
 .text.gpio_xec_port240_276_init
                0x00000000000e1630       0x28 zephyr/drivers/gpio/libdrivers__gpio.a(gpio_mchp_xec.c.obj)
 .text.gpio_gpio_xec_port_isr
                0x00000000000e1658       0x40 zephyr/drivers/gpio/libdrivers__gpio.a(gpio_mchp_xec.c.obj)
 .text.uart_xec_init
                0x00000000000e1698       0x60 zephyr/drivers/serial/libdrivers__serial.a(uart_mchp_xec.c.obj)
 .text.timer_restart
                0x00000000000e16f8       0x18 zephyr/drivers/timer/libdrivers__timer.a(mchp_xec_rtos_timer.c.obj)
 .text.xec_rtos_timer_isr
                0x00000000000e1710       0x60 zephyr/drivers/timer/libdrivers__timer.a(mchp_xec_rtos_timer.c.obj)
 .text.timer_count
                0x00000000000e1770       0x1c zephyr/drivers/timer/libdrivers__timer.a(mchp_xec_rtos_timer.c.obj)
 .text.sys_clock_driver_init
                0x00000000000e178c       0x94 zephyr/drivers/timer/libdrivers__timer.a(mchp_xec_rtos_timer.c.obj)
 .text.sys_clock_set_timeout
                0x00000000000e1820       0x94 zephyr/drivers/timer/libdrivers__timer.a(mchp_xec_rtos_timer.c.obj)
                0x00000000000e1820                sys_clock_set_timeout
 .text.sys_clock_elapsed
                0x00000000000e18b4       0x44 zephyr/drivers/timer/libdrivers__timer.a(mchp_xec_rtos_timer.c.obj)
                0x00000000000e18b4                sys_clock_elapsed
 .text.sys_clock_cycle_get_32
                0x00000000000e18f8       0x38 zephyr/drivers/timer/libdrivers__timer.a(mchp_xec_rtos_timer.c.obj)
                0x00000000000e18f8                sys_clock_cycle_get_32
 .text.sys_clock_idle_exit
                0x00000000000e1930       0x18 zephyr/drivers/timer/libdrivers__timer.a(mchp_xec_rtos_timer.c.obj)
                0x00000000000e1930                sys_clock_idle_exit
 .text.z_fatal_error
                0x00000000000e1948       0x30 zephyr/kernel/libkernel.a(fatal.c.obj)
                0x00000000000e1948                z_fatal_error
 .text.z_sys_init_run_level
                0x00000000000e1978       0x2c zephyr/kernel/libkernel.a(init.c.obj)
 .text.bg_thread_main
                0x00000000000e19a4       0xc4 zephyr/kernel/libkernel.a(init.c.obj)
 .text.z_bss_zero
                0x00000000000e1a68       0x18 zephyr/kernel/libkernel.a(init.c.obj)
                0x00000000000e1a68                z_bss_zero
 .text.z_init_cpu
                0x00000000000e1a80       0x84 zephyr/kernel/libkernel.a(init.c.obj)
                0x00000000000e1a80                z_init_cpu
 .text.z_cstart
                0x00000000000e1b04       0xd0 zephyr/kernel/libkernel.a(init.c.obj)
                0x00000000000e1b04                z_cstart
 .text.idle     0x00000000000e1bd4       0x38 zephyr/kernel/libkernel.a(idle.c.obj)
                0x00000000000e1bd4                idle
 .text.z_setup_new_thread
                0x00000000000e1c0c       0x70 zephyr/kernel/libkernel.a(thread.c.obj)
                0x00000000000e1c0c                z_setup_new_thread
 .text.update_cache
                0x00000000000e1c7c       0x3c zephyr/kernel/libkernel.a(sched.c.obj)
 .text.ready_thread
                0x00000000000e1cb8       0x68 zephyr/kernel/libkernel.a(sched.c.obj)
 .text.z_thread_halt
                0x00000000000e1d20       0xd8 zephyr/kernel/libkernel.a(sched.c.obj)
 .text.move_thread_to_end_of_prio_q
                0x00000000000e1df8       0x74 zephyr/kernel/libkernel.a(sched.c.obj)
                0x00000000000e1df8                move_thread_to_end_of_prio_q
 .text.z_reschedule
                0x00000000000e1e6c       0x24 zephyr/kernel/libkernel.a(sched.c.obj)
                0x00000000000e1e6c                z_reschedule
 .text.z_sched_start
                0x00000000000e1e90       0x3c zephyr/kernel/libkernel.a(sched.c.obj)
                0x00000000000e1e90                z_sched_start
 .text.z_reschedule_irqlock
                0x00000000000e1ecc       0x28 zephyr/kernel/libkernel.a(sched.c.obj)
                0x00000000000e1ecc                z_reschedule_irqlock
 .text.k_sched_lock
                0x00000000000e1ef4       0x28 zephyr/kernel/libkernel.a(sched.c.obj)
                0x00000000000e1ef4                k_sched_lock
 .text.k_sched_unlock
                0x00000000000e1f1c       0x40 zephyr/kernel/libkernel.a(sched.c.obj)
                0x00000000000e1f1c                k_sched_unlock
 .text.z_sched_init
                0x00000000000e1f5c       0x10 zephyr/kernel/libkernel.a(sched.c.obj)
                0x00000000000e1f5c                z_sched_init
 .text.z_impl_k_sched_current_thread_query
                0x00000000000e1f6c        0xc zephyr/kernel/libkernel.a(sched.c.obj)
                0x00000000000e1f6c                z_impl_k_sched_current_thread_query
 .text.slice_timeout
                0x00000000000e1f78       0x20 zephyr/kernel/libkernel.a(timeslicing.c.obj)
 .text.thread_is_sliceable
                0x00000000000e1f98       0x3c zephyr/kernel/libkernel.a(timeslicing.c.obj)
                0x00000000000e1f98                thread_is_sliceable
 .text.z_reset_time_slice
                0x00000000000e1fd4       0x50 zephyr/kernel/libkernel.a(timeslicing.c.obj)
                0x00000000000e1fd4                z_reset_time_slice
 .text.z_time_slice
                0x00000000000e2024       0x60 zephyr/kernel/libkernel.a(timeslicing.c.obj)
                0x00000000000e2024                z_time_slice
 .text.z_data_copy
                0x00000000000e2084       0x34 zephyr/kernel/libkernel.a(xip.c.obj)
                0x00000000000e2084                z_data_copy
 .text.elapsed  0x00000000000e20b8       0x14 zephyr/kernel/libkernel.a(timeout.c.obj)
 .text.remove_timeout
                0x00000000000e20cc       0x38 zephyr/kernel/libkernel.a(timeout.c.obj)
 .text.next_timeout
                0x00000000000e2104       0x40 zephyr/kernel/libkernel.a(timeout.c.obj)
 .text.z_add_timeout
                0x00000000000e2144       0xf4 zephyr/kernel/libkernel.a(timeout.c.obj)
                0x00000000000e2144                z_add_timeout
 .text.sys_clock_announce
                0x00000000000e2238       0xd0 zephyr/kernel/libkernel.a(timeout.c.obj)
                0x00000000000e2238                sys_clock_announce
 .text.boot_banner
                0x00000000000e2308        0xc zephyr/kernel/libkernel.a(banner.c.obj)
                0x00000000000e2308                boot_banner
 .text.printf   0x00000000000e2314       0x24 /home/jayesh/zephyr-sdk-0.16.8/arm-zephyr-eabi/bin/../lib/gcc/../../picolibc/arm-zephyr-eabi/lib/thumb/v7e-m/nofp/libc.a(libc_tinystdio_printf.c.o)
                0x00000000000e2314                printf
 .text.__l_vfprintf
                0x00000000000e2338      0x4b8 /home/jayesh/zephyr-sdk-0.16.8/arm-zephyr-eabi/bin/../lib/gcc/../../picolibc/arm-zephyr-eabi/lib/thumb/v7e-m/nofp/libc.a(libc_tinystdio_vflprintf.c.o)
                0x00000000000e2338                __l_vfprintf
 .text._OffsetAbsSyms
                0x00000000000e27f0        0x2 zephyr/CMakeFiles/offsets.dir/./arch/arm/core/offsets/offsets.c.obj
                0x00000000000e27f0                _OffsetAbsSyms
 .text.chunk_size
                0x00000000000e27f2        0xa zephyr/libzephyr.a(heap.c.obj)
 .text.free_list_add
                0x00000000000e27fc       0x4e zephyr/libzephyr.a(heap.c.obj)
 .text.sys_heap_init
                0x00000000000e284a       0x7a zephyr/libzephyr.a(heap.c.obj)
                0x00000000000e284a                sys_heap_init
 .text.arch_printk_char_out
                0x00000000000e28c4        0x4 zephyr/libzephyr.a(printk.c.obj)
                0x00000000000e28c4                arch_printk_char_out
 .text.printk   0x00000000000e28c8       0x1a zephyr/libzephyr.a(printk.c.obj)
                0x00000000000e28c8                printk
 .text._ConfigAbsSyms
                0x00000000000e28e2        0x2 zephyr/libzephyr.a(configs.c.obj)
                0x00000000000e28e2                _ConfigAbsSyms
 .text.soc_deep_sleep_wait_clk_idle
                0x00000000000e28e4        0x2 zephyr/libzephyr.a(device_power.c.obj)
                0x00000000000e28e4                soc_deep_sleep_wait_clk_idle
 .text.soc_deep_sleep_non_wake_en
                0x00000000000e28e6        0x2 zephyr/libzephyr.a(device_power.c.obj)
                0x00000000000e28e6                soc_deep_sleep_non_wake_en
 .text.soc_deep_sleep_non_wake_dis
                0x00000000000e28e8        0x2 zephyr/libzephyr.a(device_power.c.obj)
                0x00000000000e28e8                soc_deep_sleep_non_wake_dis
 .text.pm_state_exit_post_ops
                0x00000000000e28ea       0x1c zephyr/libzephyr.a(power.c.obj)
                0x00000000000e28ea                pm_state_exit_post_ops
 .text.z_arm_fatal_error
                0x00000000000e2906        0xc zephyr/arch/arch/arm/core/libarch__arm__core.a(fatal.c.obj)
                0x00000000000e2906                z_arm_fatal_error
 .text.z_do_kernel_oops
                0x00000000000e2912        0x8 zephyr/arch/arch/arm/core/libarch__arm__core.a(fatal.c.obj)
                0x00000000000e2912                z_do_kernel_oops
 .text.z_arm_nmi
                0x00000000000e291a        0xe zephyr/arch/arch/arm/core/libarch__arm__core.a(nmi.c.obj)
                0x00000000000e291a                z_arm_nmi
 .text.z_irq_spurious
                0x00000000000e2928        0x8 zephyr/arch/arch/arm/core/cortex_m/libarch__arm__core__cortex_m.a(irq_manage.c.obj)
                0x00000000000e2928                z_irq_spurious
 .text.arch_irq_unlock_outlined
                0x00000000000e2930        0xe zephyr/arch/arch/arm/core/cortex_m/libarch__arm__core__cortex_m.a(thread.c.obj)
                0x00000000000e2930                arch_irq_unlock_outlined
 .text.arch_cpu_idle
                0x00000000000e293e       0x1a zephyr/arch/arch/arm/core/cortex_m/libarch__arm__core__cortex_m.a(cpu_idle.c.obj)
                0x00000000000e293e                arch_cpu_idle
 .text.picolibc_put
                0x00000000000e2958        0xa zephyr/lib/libc/picolibc/liblib__libc__picolibc.a(libc-hooks.c.obj)
 .text.xec_clock_control_off
                0x00000000000e2962        0x8 zephyr/drivers/clock_control/libdrivers__clock_control.a(clock_control_mchp_xec.c.obj)
 .text.xec_clock_control_on
                0x00000000000e296a        0x8 zephyr/drivers/clock_control/libdrivers__clock_control.a(clock_control_mchp_xec.c.obj)
 .text.pinctrl_apply_state
                0x00000000000e2972       0x1e zephyr/drivers/clock_control/libdrivers__clock_control.a(clock_control_mchp_xec.c.obj)
 .text.gpio_xec_manage_callback
                0x00000000000e2990       0x48 zephyr/drivers/gpio/libdrivers__gpio.a(gpio_mchp_xec.c.obj)
 .text.pinctrl_lookup_state
                0x00000000000e29d8       0x26 zephyr/drivers/pinctrl/libdrivers__pinctrl.a(common.c.obj)
                0x00000000000e29d8                pinctrl_lookup_state
 .text.pinctrl_configure_pins
                0x00000000000e29fe      0x11e zephyr/drivers/pinctrl/libdrivers__pinctrl.a(pinctrl_mchp_xec.c.obj)
                0x00000000000e29fe                pinctrl_configure_pins
 .text.uart_xec_configure
                0x00000000000e2b1c       0xc6 zephyr/drivers/serial/libdrivers__serial.a(uart_mchp_xec.c.obj)
 .text.uart_xec_config_get
                0x00000000000e2be2       0x1a zephyr/drivers/serial/libdrivers__serial.a(uart_mchp_xec.c.obj)
 .text.uart_xec_poll_in
                0x00000000000e2bfc       0x2c zephyr/drivers/serial/libdrivers__serial.a(uart_mchp_xec.c.obj)
 .text.uart_xec_poll_out
                0x00000000000e2c28       0x24 zephyr/drivers/serial/libdrivers__serial.a(uart_mchp_xec.c.obj)
 .text.uart_xec_err_check
                0x00000000000e2c4c       0x24 zephyr/drivers/serial/libdrivers__serial.a(uart_mchp_xec.c.obj)
 .text.z_device_state_init
                0x00000000000e2c70        0x2 zephyr/kernel/libkernel.a(device.c.obj)
                0x00000000000e2c70                z_device_state_init
 .text.z_impl_device_is_ready
                0x00000000000e2c72       0x16 zephyr/kernel/libkernel.a(device.c.obj)
                0x00000000000e2c72                z_impl_device_is_ready
 .text.arch_system_halt
                0x00000000000e2c88       0x10 zephyr/kernel/libkernel.a(fatal.c.obj)
                0x00000000000e2c88                arch_system_halt
 .text.k_sys_fatal_error_handler
                0x00000000000e2c98        0x6 zephyr/kernel/libkernel.a(fatal.c.obj)
                0x00000000000e2c98                k_sys_fatal_error_handler
 .text.do_device_init
                0x00000000000e2c9e       0x30 zephyr/kernel/libkernel.a(init.c.obj)
 .text.z_early_memset
                0x00000000000e2cce        0x4 zephyr/kernel/libkernel.a(init.c.obj)
                0x00000000000e2cce                z_early_memset
 .text.z_early_memcpy
                0x00000000000e2cd2        0x4 zephyr/kernel/libkernel.a(init.c.obj)
                0x00000000000e2cd2                z_early_memcpy
 .text.z_init_static
                0x00000000000e2cd6        0x2 zephyr/kernel/libkernel.a(init_static.c.obj)
                0x00000000000e2cd6                z_init_static
 .text.z_impl_k_thread_start
                0x00000000000e2cd8        0x4 zephyr/kernel/libkernel.a(thread.c.obj)
                0x00000000000e2cd8                z_impl_k_thread_start
 .text.sys_dlist_remove
                0x00000000000e2cdc       0x10 zephyr/kernel/libkernel.a(sched.c.obj)
 .text.unpend_thread_no_timeout
                0x00000000000e2cec       0x14 zephyr/kernel/libkernel.a(sched.c.obj)
 .text.z_ready_thread
                0x00000000000e2d00       0x1e zephyr/kernel/libkernel.a(sched.c.obj)
                0x00000000000e2d00                z_ready_thread
 .text.z_sched_wake_thread
                0x00000000000e2d1e       0x42 zephyr/kernel/libkernel.a(sched.c.obj)
                0x00000000000e2d1e                z_sched_wake_thread
 .text.z_thread_timeout
                0x00000000000e2d60        0x8 zephyr/kernel/libkernel.a(sched.c.obj)
                0x00000000000e2d60                z_thread_timeout
 .text.z_thread_abort
                0x00000000000e2d68       0x44 zephyr/kernel/libkernel.a(sched.c.obj)
                0x00000000000e2d68                z_thread_abort
 .text.z_abort_timeout
                0x00000000000e2dac       0x2a zephyr/kernel/libkernel.a(timeout.c.obj)
                0x00000000000e2dac                z_abort_timeout
 .text.z_get_next_timeout_expiry
                0x00000000000e2dd6       0x1e zephyr/kernel/libkernel.a(timeout.c.obj)
                0x00000000000e2dd6                z_get_next_timeout_expiry
 .text.strnlen  0x00000000000e2df4       0x18 /home/jayesh/zephyr-sdk-0.16.8/arm-zephyr-eabi/bin/../lib/gcc/../../picolibc/arm-zephyr-eabi/lib/thumb/v7e-m/nofp/libc.a(libc_string_strnlen.c.o)
                0x00000000000e2df4                strnlen
 .text.__ultoa_invert
                0x00000000000e2e0c       0xae /home/jayesh/zephyr-sdk-0.16.8/arm-zephyr-eabi/bin/../lib/gcc/../../picolibc/arm-zephyr-eabi/lib/thumb/v7e-m/nofp/libc.a(libc_tinystdio_vflprintf.c.o)
 .text.memcpy   0x00000000000e2eba       0x1c /home/jayesh/zephyr-sdk-0.16.8/arm-zephyr-eabi/bin/../lib/gcc/../../picolibc/arm-zephyr-eabi/lib/thumb/v7e-m/nofp/libc.a(memcpy.c.o)
                0x00000000000e2eba                memcpy
                0x00000000000e2eba                __aeabi_memcpy
                0x00000000000e2eba                __aeabi_memcpy4
                0x00000000000e2eba                __aeabi_memcpy8
 .text.memset   0x00000000000e2ed6       0x10 /home/jayesh/zephyr-sdk-0.16.8/arm-zephyr-eabi/bin/../lib/gcc/../../picolibc/arm-zephyr-eabi/lib/thumb/v7e-m/nofp/libc.a(memset.c.o)
                0x00000000000e2ed6                memset
 *(SORT_BY_ALIGNMENT(.TEXT.*))
 *fill*         0x00000000000e2ee6        0x2 
 .TEXT.__aeabi_read_tp
                0x00000000000e2ee8        0xc zephyr/arch/arch/arm/core/cortex_m/libarch__arm__core__cortex_m.a(__aeabi_read_tp.S.obj)
                0x00000000000e2ee8                __aeabi_read_tp
 *(SORT_BY_ALIGNMENT(.gnu.linkonce.t.*))
 *(SORT_BY_ALIGNMENT(.glue_7t))
 .glue_7t       0x00000000000e2ef4        0x0 linker stubs
 *(SORT_BY_ALIGNMENT(.glue_7))
 .glue_7        0x00000000000e2ef4        0x0 linker stubs
 *(SORT_BY_ALIGNMENT(.vfp11_veneer))
 .vfp11_veneer  0x00000000000e2ef4        0x0 linker stubs
 *(SORT_BY_ALIGNMENT(.v4_bx))
 .v4_bx         0x00000000000e2ef4        0x0 linker stubs
                0x00000000000e2ef4                . = ALIGN (0x4)
                0x00000000000e2ef4                __text_region_end = .

.ARM.exidx      0x00000000000e2ef4        0x8
                0x00000000000e2ef4                __exidx_start = .
 *(SORT_BY_ALIGNMENT(.ARM.exidx*) SORT_BY_ALIGNMENT(gnu.linkonce.armexidx.*))
 .ARM.exidx     0x00000000000e2ef4        0x8 /home/jayesh/zephyr-sdk-0.16.8/arm-zephyr-eabi/bin/../lib/gcc/arm-zephyr-eabi/12.2.0/thumb/v7e-m/nofp/libgcc.a(_udivmoddi4.o)
                0x00000000000e2efc                __exidx_end = .
                0x00000000000e2efc                __rodata_region_start = .

initlevel       0x00000000000e2efc       0x60
                0x00000000000e2efc                __init_start = .
                0x00000000000e2efc                __init_EARLY_start = .
 *(SORT_BY_NAME(SORT_BY_ALIGNMENT(.z_init_EARLY?_*)))
 *(SORT_BY_NAME(SORT_BY_ALIGNMENT(.z_init_EARLY??_*)))
                0x00000000000e2efc                __init_PRE_KERNEL_1_start = .
 *(SORT_BY_NAME(SORT_BY_ALIGNMENT(.z_init_PRE_KERNEL_1?_*)))
 *(SORT_BY_NAME(SORT_BY_ALIGNMENT(.z_init_PRE_KERNEL_1??_*)))
 .z_init_PRE_KERNEL_130_00048_
                0x00000000000e2efc        0x8 zephyr/drivers/clock_control/libdrivers__clock_control.a(clock_control_mchp_xec.c.obj)
 .z_init_PRE_KERNEL_140_0_
                0x00000000000e2f04        0x8 zephyr/libzephyr.a(soc.c.obj)
 .z_init_PRE_KERNEL_141_00013_
                0x00000000000e2f0c        0x8 zephyr/drivers/gpio/libdrivers__gpio.a(gpio_mchp_xec.c.obj)
 .z_init_PRE_KERNEL_141_00039_
                0x00000000000e2f14        0x8 zephyr/drivers/gpio/libdrivers__gpio.a(gpio_mchp_xec.c.obj)
 .z_init_PRE_KERNEL_141_00100_
                0x00000000000e2f1c        0x8 zephyr/drivers/gpio/libdrivers__gpio.a(gpio_mchp_xec.c.obj)
 .z_init_PRE_KERNEL_141_00155_
                0x00000000000e2f24        0x8 zephyr/drivers/gpio/libdrivers__gpio.a(gpio_mchp_xec.c.obj)
 .z_init_PRE_KERNEL_141_00156_
                0x00000000000e2f2c        0x8 zephyr/drivers/gpio/libdrivers__gpio.a(gpio_mchp_xec.c.obj)
 .z_init_PRE_KERNEL_141_00157_
                0x00000000000e2f34        0x8 zephyr/drivers/gpio/libdrivers__gpio.a(gpio_mchp_xec.c.obj)
 .z_init_PRE_KERNEL_150_00096_
                0x00000000000e2f3c        0x8 zephyr/drivers/serial/libdrivers__serial.a(uart_mchp_xec.c.obj)
 .z_init_PRE_KERNEL_160_0_
                0x00000000000e2f44        0x8 zephyr/drivers/console/libdrivers__console.a(uart_console.c.obj)
                0x00000000000e2f4c                __init_PRE_KERNEL_2_start = .
 *(SORT_BY_NAME(SORT_BY_ALIGNMENT(.z_init_PRE_KERNEL_2?_*)))
 .z_init_PRE_KERNEL_20_0_
                0x00000000000e2f4c        0x8 zephyr/drivers/timer/libdrivers__timer.a(mchp_xec_rtos_timer.c.obj)
 *(SORT_BY_NAME(SORT_BY_ALIGNMENT(.z_init_PRE_KERNEL_2??_*)))
                0x00000000000e2f54                __init_POST_KERNEL_start = .
 *(SORT_BY_NAME(SORT_BY_ALIGNMENT(.z_init_POST_KERNEL?_*)))
 *(SORT_BY_NAME(SORT_BY_ALIGNMENT(.z_init_POST_KERNEL??_*)))
 .z_init_POST_KERNEL35_0_
                0x00000000000e2f54        0x8 zephyr/lib/libc/common/liblib__libc__common.a(malloc.c.obj)
                0x00000000000e2f5c                __init_APPLICATION_start = .
 *(SORT_BY_NAME(SORT_BY_ALIGNMENT(.z_init_APPLICATION?_*)))
 *(SORT_BY_NAME(SORT_BY_ALIGNMENT(.z_init_APPLICATION??_*)))
                0x00000000000e2f5c                __init_SMP_start = .
 *(SORT_BY_NAME(SORT_BY_ALIGNMENT(.z_init_SMP?_*)))
 *(SORT_BY_NAME(SORT_BY_ALIGNMENT(.z_init_SMP??_*)))
                0x00000000000e2f5c                __init_end = .
                0x00000000000e2f5c                __deferred_init_list_start = .
 *(SORT_BY_ALIGNMENT(.z_deferred_init*))
                0x00000000000e2f5c                __deferred_init_list_end = .

device_area     0x00000000000e2f5c       0xa0
                0x00000000000e2f5c                _device_list_start = .
 *(SORT_BY_NAME(SORT_BY_ALIGNMENT(._device.static.*_?_*)))
 *(SORT_BY_NAME(SORT_BY_ALIGNMENT(._device.static.*_??_*)))
 ._device.static.1_30_
                0x00000000000e2f5c       0x14 zephyr/drivers/clock_control/libdrivers__clock_control.a(clock_control_mchp_xec.c.obj)
                0x00000000000e2f5c                __device_dts_ord_48
 ._device.static.1_41_
                0x00000000000e2f70       0x78 zephyr/drivers/gpio/libdrivers__gpio.a(gpio_mchp_xec.c.obj)
                0x00000000000e2f70                __device_dts_ord_157
                0x00000000000e2f84                __device_dts_ord_156
                0x00000000000e2f98                __device_dts_ord_13
                0x00000000000e2fac                __device_dts_ord_100
                0x00000000000e2fc0                __device_dts_ord_155
                0x00000000000e2fd4                __device_dts_ord_39
 ._device.static.1_50_
                0x00000000000e2fe8       0x14 zephyr/drivers/serial/libdrivers__serial.a(uart_mchp_xec.c.obj)
                0x00000000000e2fe8                __device_dts_ord_96
                0x00000000000e2ffc                _device_list_end = .

sw_isr_table    0x00000000000e2ffc      0x570
                0x00000000000e2ffc                . = ALIGN (0x4)
 *(SORT_BY_ALIGNMENT(.gnu.linkonce.sw_isr_table*))
 .gnu.linkonce.sw_isr_table
                0x00000000000e2ffc      0x570 zephyr/arch/common/libisr_tables.a(isr_tables.c.obj)
                0x00000000000e2ffc                _sw_isr_table

initlevel_error
                0x00000000000e2efc        0x0
 *(SORT_BY_NAME(SORT_BY_ALIGNMENT(.z_init_[_A-Z0-9]*)))
                0x0000000000000001                ASSERT ((SIZEOF (initlevel_error) == 0x0), Undefined initialization levels used.)

app_shmem_regions
                0x00000000000e356c        0x0
                0x00000000000e356c                __app_shmem_regions_start = .
 *(SORT_BY_NAME(SORT_BY_ALIGNMENT(.app_regions.*)))
                0x00000000000e356c                __app_shmem_regions_end = .

k_p4wq_initparam_area
                0x00000000000e356c        0x0
                0x00000000000e356c                _k_p4wq_initparam_list_start = .
 *(SORT_BY_NAME(SORT_BY_ALIGNMENT(._k_p4wq_initparam.static.*)))
                0x00000000000e356c                _k_p4wq_initparam_list_end = .

_static_thread_data_area
                0x00000000000e356c        0x0
                0x00000000000e356c                __static_thread_data_list_start = .
 *(SORT_BY_NAME(SORT_BY_ALIGNMENT(.__static_thread_data.static.*)))
                0x00000000000e356c                __static_thread_data_list_end = .

device_deps     0x00000000000e356c        0x0
                0x00000000000e356c                __device_deps_start = .
 *(SORT_BY_NAME(SORT_BY_ALIGNMENT(.__device_deps_pass2*)))
                0x00000000000e356c                __device_deps_end = .

ztest           0x00000000000e356c        0x0
                0x00000000000e356c                _ztest_expected_result_entry_list_start = .
 *(SORT_BY_NAME(SORT_BY_ALIGNMENT(._ztest_expected_result_entry.static.*)))
                0x00000000000e356c                _ztest_expected_result_entry_list_end = .
                0x00000000000e356c                _ztest_suite_node_list_start = .
 *(SORT_BY_NAME(SORT_BY_ALIGNMENT(._ztest_suite_node.static.*)))
                0x00000000000e356c                _ztest_suite_node_list_end = .
                0x00000000000e356c                _ztest_unit_test_list_start = .
 *(SORT_BY_NAME(SORT_BY_ALIGNMENT(._ztest_unit_test.static.*)))
                0x00000000000e356c                _ztest_unit_test_list_end = .
                0x00000000000e356c                _ztest_test_rule_list_start = .
 *(SORT_BY_NAME(SORT_BY_ALIGNMENT(._ztest_test_rule.static.*)))
                0x00000000000e356c                _ztest_test_rule_list_end = .

init_array      0x00000000000e356c        0x0
 *(SORT_BY_NAME(SORT_BY_ALIGNMENT(.ctors*)))
 *(SORT_BY_NAME(SORT_BY_ALIGNMENT(.init_array*)))
                0x0000000000000001                ASSERT ((SIZEOF (init_array) == 0x0), GNU-style constructors required but STATIC_INIT_GNU not enabled)

bt_l2cap_fixed_chan_area
                0x00000000000e356c        0x0
                0x00000000000e356c                _bt_l2cap_fixed_chan_list_start = .
 *(SORT_BY_NAME(SORT_BY_ALIGNMENT(._bt_l2cap_fixed_chan.static.*)))
                0x00000000000e356c                _bt_l2cap_fixed_chan_list_end = .

bt_gatt_service_static_area
                0x00000000000e356c        0x0
                0x00000000000e356c                _bt_gatt_service_static_list_start = .
 *(SORT_BY_NAME(SORT_BY_ALIGNMENT(._bt_gatt_service_static.static.*)))
                0x00000000000e356c                _bt_gatt_service_static_list_end = .

log_strings_area
                0x00000000000e356c        0x0
                0x00000000000e356c                _log_strings_list_start = .
 *(SORT_BY_NAME(SORT_BY_ALIGNMENT(._log_strings.static.*)))
                0x00000000000e356c                _log_strings_list_end = .

log_const_area  0x00000000000e356c        0x0
                0x00000000000e356c                _log_const_list_start = .
 *(SORT_BY_NAME(SORT_BY_ALIGNMENT(._log_const.static.*)))
                0x00000000000e356c                _log_const_list_end = .

log_backend_area
                0x00000000000e356c        0x0
                0x00000000000e356c                _log_backend_list_start = .
 *(SORT_BY_NAME(SORT_BY_ALIGNMENT(._log_backend.static.*)))
                0x00000000000e356c                _log_backend_list_end = .

log_link_area   0x00000000000e356c        0x0
                0x00000000000e356c                _log_link_list_start = .
 *(SORT_BY_NAME(SORT_BY_ALIGNMENT(._log_link.static.*)))
                0x00000000000e356c                _log_link_list_end = .

tracing_backend_area
                0x00000000000e356c        0x0
                0x00000000000e356c                _tracing_backend_list_start = .
 *(SORT_BY_NAME(SORT_BY_ALIGNMENT(._tracing_backend.static.*)))
                0x00000000000e356c                _tracing_backend_list_end = .

zephyr_dbg_info
 *(SORT_BY_ALIGNMENT(.dbg_thread_info))

intc_table_area
                0x00000000000e356c        0x0
                0x00000000000e356c                _intc_table_list_start = .
 *(SORT_BY_NAME(SORT_BY_ALIGNMENT(._intc_table.static.*)))
                0x00000000000e356c                _intc_table_list_end = .

symbol_to_keep  0x00000000000e356c        0x0
                0x00000000000e356c                __symbol_to_keep_start = .
 *(SORT_BY_NAME(SORT_BY_ALIGNMENT(.symbol_to_keep*)))
                0x00000000000e356c                __symbol_to_keep_end = .

shell_area      0x00000000000e356c        0x0
                0x00000000000e356c                _shell_list_start = .
 *(SORT_BY_NAME(SORT_BY_ALIGNMENT(._shell.static.*)))
                0x00000000000e356c                _shell_list_end = .

shell_root_cmds_area
                0x00000000000e356c        0x0
                0x00000000000e356c                _shell_root_cmds_list_start = .
 *(SORT_BY_NAME(SORT_BY_ALIGNMENT(._shell_root_cmds.static.*)))
                0x00000000000e356c                _shell_root_cmds_list_end = .

shell_subcmds_area
                0x00000000000e356c        0x0
                0x00000000000e356c                _shell_subcmds_list_start = .
 *(SORT_BY_NAME(SORT_BY_ALIGNMENT(._shell_subcmds.static.*)))
                0x00000000000e356c                _shell_subcmds_list_end = .

shell_dynamic_subcmds_area
                0x00000000000e356c        0x0
                0x00000000000e356c                _shell_dynamic_subcmds_list_start = .
 *(SORT_BY_NAME(SORT_BY_ALIGNMENT(._shell_dynamic_subcmds.static.*)))
                0x00000000000e356c                _shell_dynamic_subcmds_list_end = .

cfb_font_area   0x00000000000e356c        0x0
                0x00000000000e356c                _cfb_font_list_start = .
 *(SORT_BY_NAME(SORT_BY_ALIGNMENT(._cfb_font.static.*)))
                0x00000000000e356c                _cfb_font_list_end = .

tdata           0x00000000000e356c        0x0
 *(SORT_BY_ALIGNMENT(.tdata) SORT_BY_ALIGNMENT(.tdata.*) SORT_BY_ALIGNMENT(.gnu.linkonce.td.*))

tbss            0x00000000000e356c        0x4
 *(SORT_BY_ALIGNMENT(.tbss) SORT_BY_ALIGNMENT(.tbss.*) SORT_BY_ALIGNMENT(.gnu.linkonce.tb.*) SORT_BY_ALIGNMENT(.tcommon))
 .tbss.z_tls_current
                0x00000000000e356c        0x4 zephyr/libzephyr.a(thread_entry.c.obj)
                0x00000000000e356c                z_tls_current
                0x00000000000e356c                PROVIDE (__tdata_start = LOADADDR (tdata))
                0x0000000000000001                PROVIDE (__tdata_align = ALIGNOF (tdata))
                0x0000000000000000                PROVIDE (__tdata_size = (((SIZEOF (tdata) + __tdata_align) - 0x1) & ~ ((__tdata_align - 0x1))))
                [!provide]                        PROVIDE (__tdata_end = (__tdata_start + __tdata_size))
                0x0000000000000004                PROVIDE (__tbss_align = ALIGNOF (tbss))
                [!provide]                        PROVIDE (__tbss_start = ADDR (tbss))
                0x0000000000000004                PROVIDE (__tbss_size = (((SIZEOF (tbss) + __tbss_align) - 0x1) & ~ ((__tbss_align - 0x1))))
                [!provide]                        PROVIDE (__tbss_end = (__tbss_start + __tbss_size))
                [!provide]                        PROVIDE (__tls_start = __tdata_start)
                [!provide]                        PROVIDE (__tls_end = __tbss_end)
                [!provide]                        PROVIDE (__tls_size = (__tbss_end - __tdata_start))

rodata          0x00000000000e356c      0x2a0
 *(SORT_BY_ALIGNMENT(.rodata))
 *(SORT_BY_ALIGNMENT(.rodata.*))
 .rodata.ds_timer_tbl
                0x00000000000e356c       0x28 zephyr/libzephyr.a(device_power.c.obj)
                0x00000000000e356c                ds_timer_tbl
 .rodata.cpus_states
                0x00000000000e3594        0x8 zephyr/libzephyr.a(state.c.obj)
 .rodata.pmstates_DT_N_S_cpus_S_power_states
                0x00000000000e359c        0x0 zephyr/libzephyr.a(state.c.obj)
 .rodata.pmstates_DT_N_S_cpus_S_cpu_0
                0x00000000000e359c       0x18 zephyr/libzephyr.a(state.c.obj)
 .rodata.stdout
                0x00000000000e35b4        0x4 zephyr/lib/libc/picolibc/liblib__libc__picolibc.a(libc-hooks.c.obj)
                0x00000000000e35b4                stdout
                0x00000000000e35b4                stderr
 .rodata.pcr_xec_config
                0x00000000000e35b8       0x1c zephyr/drivers/clock_control/libdrivers__clock_control.a(clock_control_mchp_xec.c.obj)
                0x00000000000e35b8                pcr_xec_config
 .rodata.__pinctrl_dev_config__device_dts_ord_48
                0x00000000000e35d4        0x8 zephyr/drivers/clock_control/libdrivers__clock_control.a(clock_control_mchp_xec.c.obj)
 .rodata.__pinctrl_states__device_dts_ord_48
                0x00000000000e35dc        0x0 zephyr/drivers/clock_control/libdrivers__clock_control.a(clock_control_mchp_xec.c.obj)
 .rodata.xec_clock_control_api
                0x00000000000e35dc       0x1c zephyr/drivers/clock_control/libdrivers__clock_control.a(clock_control_mchp_xec.c.obj)
 .rodata.gpio_xec_port240_276_config
                0x00000000000e35f8       0x14 zephyr/drivers/gpio/libdrivers__gpio.a(gpio_mchp_xec.c.obj)
 .rodata.gpio_xec_port200_236_config
                0x00000000000e360c       0x14 zephyr/drivers/gpio/libdrivers__gpio.a(gpio_mchp_xec.c.obj)
 .rodata.gpio_xec_port140_176_config
                0x00000000000e3620       0x14 zephyr/drivers/gpio/libdrivers__gpio.a(gpio_mchp_xec.c.obj)
 .rodata.gpio_xec_port100_136_config
                0x00000000000e3634       0x14 zephyr/drivers/gpio/libdrivers__gpio.a(gpio_mchp_xec.c.obj)
 .rodata.gpio_xec_port040_076_config
                0x00000000000e3648       0x14 zephyr/drivers/gpio/libdrivers__gpio.a(gpio_mchp_xec.c.obj)
 .rodata.gpio_xec_port000_036_config
                0x00000000000e365c       0x14 zephyr/drivers/gpio/libdrivers__gpio.a(gpio_mchp_xec.c.obj)
 .rodata.gpio_xec_driver_api
                0x00000000000e3670       0x24 zephyr/drivers/gpio/libdrivers__gpio.a(gpio_mchp_xec.c.obj)
 .rodata.valid_ctrl_masks
                0x00000000000e3694       0x18 zephyr/drivers/gpio/libdrivers__gpio.a(gpio_mchp_xec.c.obj)
 .rodata.uart_xec_dev_cfg_0
                0x00000000000e36ac       0x10 zephyr/drivers/serial/libdrivers__serial.a(uart_mchp_xec.c.obj)
 .rodata.__pinctrl_dev_config__device_dts_ord_96
                0x00000000000e36bc        0x8 zephyr/drivers/serial/libdrivers__serial.a(uart_mchp_xec.c.obj)
 .rodata.__pinctrl_states__device_dts_ord_96
                0x00000000000e36c4        0x8 zephyr/drivers/serial/libdrivers__serial.a(uart_mchp_xec.c.obj)
 .rodata.__pinctrl_state_pins_0__device_dts_ord_96
                0x00000000000e36cc        0x8 zephyr/drivers/serial/libdrivers__serial.a(uart_mchp_xec.c.obj)
 .rodata.uart_xec_driver_api
                0x00000000000e36d4       0x14 zephyr/drivers/serial/libdrivers__serial.a(uart_mchp_xec.c.obj)
 .rodata.levels.0
                0x00000000000e36e8       0x18 zephyr/kernel/libkernel.a(init.c.obj)
 .rodata.main.str1.1
                0x00000000000e3700       0x4a app/libapp.a(main.c.obj)
 .rodata.states_per_cpu
                0x00000000000e374a        0x2 zephyr/libzephyr.a(state.c.obj)
 .rodata.str1.1
                0x00000000000e374c        0xd zephyr/drivers/clock_control/libdrivers__clock_control.a(clock_control_mchp_xec.c.obj)
 .rodata.str1.1
                0x00000000000e3759       0x54 zephyr/drivers/gpio/libdrivers__gpio.a(gpio_mchp_xec.c.obj)
 .rodata.str1.1
                0x00000000000e37ad        0xe zephyr/drivers/serial/libdrivers__serial.a(uart_mchp_xec.c.obj)
 .rodata.z_cstart.str1.1
                0x00000000000e37bb        0x5 zephyr/kernel/libkernel.a(init.c.obj)
 .rodata.boot_banner.str1.1
                0x00000000000e37c0       0x3a zephyr/kernel/libkernel.a(banner.c.obj)
 .rodata.__l_vfprintf.str1.1
                0x00000000000e37fa        0xf /home/jayesh/zephyr-sdk-0.16.8/arm-zephyr-eabi/bin/../lib/gcc/../../picolibc/arm-zephyr-eabi/lib/thumb/v7e-m/nofp/libc.a(libc_tinystdio_vflprintf.c.o)
 *(SORT_BY_ALIGNMENT(.gnu.linkonce.r.*))
                0x00000000000e380c                . = ALIGN (0x4)
 *fill*         0x00000000000e3809        0x3 
                0x00000000000e380c                __rodata_region_end = .
                0x00000000000e380c                . = ALIGN (_region_min_align)
                0x00000000000e380c                __rom_region_end = ((__rom_region_start + .) - ADDR (rom_start))

/DISCARD/
 *(SORT_BY_ALIGNMENT(.got.plt))
 *(SORT_BY_ALIGNMENT(.igot.plt))
 *(SORT_BY_ALIGNMENT(.got))
 *(SORT_BY_ALIGNMENT(.igot))
                0x0000000000118000                . = 0x118000
                0x0000000000118000                . = ALIGN (_region_min_align)
                0x0000000000118000                _image_ram_start = .

.ramfunc        0x0000000000118000        0x0 load address 0x00000000000e380c
                0x0000000000118000                . = ALIGN (_region_min_align)
                0x0000000000118000                __ramfunc_start = .
 *(SORT_BY_ALIGNMENT(.ramfunc))
 *(SORT_BY_ALIGNMENT(.ramfunc.*))
                0x0000000000118000                . = ALIGN (_region_min_align)
                0x0000000000118000                __ramfunc_end = .
                0x0000000000000000                __ramfunc_size = (__ramfunc_end - __ramfunc_start)
                0x00000000000e380c                __ramfunc_load_start = LOADADDR (.ramfunc)

datas           0x0000000000118000       0x48 load address 0x00000000000e380c
                0x0000000000118000                __data_region_start = .
                0x0000000000118000                __data_start = .
 *(SORT_BY_ALIGNMENT(.data))
 *(SORT_BY_ALIGNMENT(.data.*))
 .data.next_event_cyc
                0x0000000000118000        0x8 zephyr/libzephyr.a(policy.c.obj)
 .data._char_out
                0x0000000000118008        0x4 zephyr/libzephyr.a(printk.c.obj)
 .data.max_latency_cyc
                0x000000000011800c        0x4 zephyr/libzephyr.a(policy.c.obj)
 .data.substate_lock_t
                0x0000000000118010       0x10 zephyr/libzephyr.a(policy.c.obj)
 .data.__stdout
                0x0000000000118020       0x10 zephyr/lib/libc/picolibc/liblib__libc__picolibc.a(libc-hooks.c.obj)
 .data.uart_xec_dev_data_0
                0x0000000000118030        0xc zephyr/drivers/serial/libdrivers__serial.a(uart_mchp_xec.c.obj)
 .data.cached_icr
                0x000000000011803c        0x4 zephyr/drivers/timer/libdrivers__timer.a(mchp_xec_rtos_timer.c.obj)
 .data.timeout_list
                0x0000000000118040        0x8 zephyr/kernel/libkernel.a(timeout.c.obj)
 *(SORT_BY_ALIGNMENT(.kernel.*))
                0x0000000000118048                __data_end = .
                0x0000000000000048                __data_size = (__data_end - __data_start)
                0x00000000000e380c                __data_load_start = LOADADDR (datas)
                0x00000000000e380c                __data_region_load_start = LOADADDR (datas)

device_states   0x0000000000118048       0x10 load address 0x00000000000e3854
                0x0000000000118048                __device_states_start = .
 *(SORT_BY_ALIGNMENT(.z_devstate))
 .z_devstate    0x0000000000118048        0x2 zephyr/drivers/clock_control/libdrivers__clock_control.a(clock_control_mchp_xec.c.obj)
 .z_devstate    0x000000000011804a        0xc zephyr/drivers/gpio/libdrivers__gpio.a(gpio_mchp_xec.c.obj)
 .z_devstate    0x0000000000118056        0x2 zephyr/drivers/serial/libdrivers__serial.a(uart_mchp_xec.c.obj)
 *(SORT_BY_ALIGNMENT(.z_devstate.*))
                0x0000000000118058                __device_states_end = .

log_mpsc_pbuf_area
                0x0000000000118058        0x0 load address 0x00000000000e3864
                0x0000000000118058                _log_mpsc_pbuf_list_start = .
 *(SORT_BY_NAME(SORT_BY_ALIGNMENT(._log_mpsc_pbuf.static.*)))
                0x0000000000118058                _log_mpsc_pbuf_list_end = .

log_msg_ptr_area
                0x0000000000118058        0x0 load address 0x00000000000e3864
                0x0000000000118058                _log_msg_ptr_list_start = .
 *(SORT_BY_NAME(SORT_BY_ALIGNMENT(._log_msg_ptr.static.*)))
                0x0000000000118058                _log_msg_ptr_list_end = .

log_dynamic_area
                0x0000000000118058        0x0 load address 0x00000000000e3864
                0x0000000000118058                _log_dynamic_list_start = .
 *(SORT_BY_NAME(SORT_BY_ALIGNMENT(._log_dynamic.static.*)))
                0x0000000000118058                _log_dynamic_list_end = .

k_timer_area    0x0000000000118058        0x0 load address 0x00000000000e3864
                0x0000000000118058                _k_timer_list_start = .
 *(SORT_BY_NAME(SORT_BY_ALIGNMENT(._k_timer.static.*)))
                0x0000000000118058                _k_timer_list_end = .

k_mem_slab_area
                0x0000000000118058        0x0 load address 0x00000000000e3864
                0x0000000000118058                _k_mem_slab_list_start = .
 *(SORT_BY_NAME(SORT_BY_ALIGNMENT(._k_mem_slab.static.*)))
                0x0000000000118058                _k_mem_slab_list_end = .

k_heap_area     0x0000000000118058        0x0 load address 0x00000000000e3864
                0x0000000000118058                _k_heap_list_start = .
 *(SORT_BY_NAME(SORT_BY_ALIGNMENT(._k_heap.static.*)))
                0x0000000000118058                _k_heap_list_end = .

k_mutex_area    0x0000000000118058        0x0 load address 0x00000000000e3864
                0x0000000000118058                _k_mutex_list_start = .
 *(SORT_BY_NAME(SORT_BY_ALIGNMENT(._k_mutex.static.*)))
                0x0000000000118058                _k_mutex_list_end = .

k_stack_area    0x0000000000118058        0x0 load address 0x00000000000e3864
                0x0000000000118058                _k_stack_list_start = .
 *(SORT_BY_NAME(SORT_BY_ALIGNMENT(._k_stack.static.*)))
                0x0000000000118058                _k_stack_list_end = .

k_msgq_area     0x0000000000118058        0x0 load address 0x00000000000e3864
                0x0000000000118058                _k_msgq_list_start = .
 *(SORT_BY_NAME(SORT_BY_ALIGNMENT(._k_msgq.static.*)))
                0x0000000000118058                _k_msgq_list_end = .

k_mbox_area     0x0000000000118058        0x0 load address 0x00000000000e3864
                0x0000000000118058                _k_mbox_list_start = .
 *(SORT_BY_NAME(SORT_BY_ALIGNMENT(._k_mbox.static.*)))
                0x0000000000118058                _k_mbox_list_end = .

k_pipe_area     0x0000000000118058        0x0 load address 0x00000000000e3864
                0x0000000000118058                _k_pipe_list_start = .
 *(SORT_BY_NAME(SORT_BY_ALIGNMENT(._k_pipe.static.*)))
                0x0000000000118058                _k_pipe_list_end = .

k_sem_area      0x0000000000118058        0x0 load address 0x00000000000e3864
                0x0000000000118058                _k_sem_list_start = .
 *(SORT_BY_NAME(SORT_BY_ALIGNMENT(._k_sem.static.*)))
                0x0000000000118058                _k_sem_list_end = .

k_event_area    0x0000000000118058        0x0 load address 0x00000000000e3864
                0x0000000000118058                _k_event_list_start = .
 *(SORT_BY_NAME(SORT_BY_ALIGNMENT(._k_event.static.*)))
                0x0000000000118058                _k_event_list_end = .

k_queue_area    0x0000000000118058        0x0 load address 0x00000000000e3864
                0x0000000000118058                _k_queue_list_start = .
 *(SORT_BY_NAME(SORT_BY_ALIGNMENT(._k_queue.static.*)))
                0x0000000000118058                _k_queue_list_end = .

k_fifo_area     0x0000000000118058        0x0 load address 0x00000000000e3864
                0x0000000000118058                _k_fifo_list_start = .
 *(SORT_BY_NAME(SORT_BY_ALIGNMENT(._k_fifo.static.*)))
                0x0000000000118058                _k_fifo_list_end = .

k_lifo_area     0x0000000000118058        0x0 load address 0x00000000000e3864
                0x0000000000118058                _k_lifo_list_start = .
 *(SORT_BY_NAME(SORT_BY_ALIGNMENT(._k_lifo.static.*)))
                0x0000000000118058                _k_lifo_list_end = .

k_condvar_area  0x0000000000118058        0x0 load address 0x00000000000e3864
                0x0000000000118058                _k_condvar_list_start = .
 *(SORT_BY_NAME(SORT_BY_ALIGNMENT(._k_condvar.static.*)))
                0x0000000000118058                _k_condvar_list_end = .

sys_mem_blocks_ptr_area
                0x0000000000118058        0x0 load address 0x00000000000e3864
                0x0000000000118058                _sys_mem_blocks_ptr_list_start = .
 *(SORT_BY_NAME(SORT_BY_ALIGNMENT(._sys_mem_blocks_ptr.static.*)))
                0x0000000000118058                _sys_mem_blocks_ptr_list_end = .

net_buf_pool_area
                0x0000000000118058        0x0 load address 0x00000000000e3864
                0x0000000000118058                _net_buf_pool_list_start = .
 *(SORT_BY_NAME(SORT_BY_ALIGNMENT(._net_buf_pool.static.*)))
                0x0000000000118058                _net_buf_pool_list_end = .
                0x0000000000118058                __data_region_end = .

bss             0x0000000000118058      0x24d
                0x0000000000118058                . = ALIGN (0x4)
                0x0000000000118058                __bss_start = .
                0x0000000000118058                __kernel_ram_start = .
 *(SORT_BY_ALIGNMENT(.bss))
 *(SORT_BY_ALIGNMENT(.bss.*))
 .bss.z_idle_threads
                0x0000000000118058       0x70 zephyr/kernel/libkernel.a(init.c.obj)
                0x0000000000118058                z_idle_threads
 .bss.z_main_thread
                0x00000000001180c8       0x70 zephyr/kernel/libkernel.a(init.c.obj)
                0x00000000001180c8                z_main_thread
 .bss._thread_dummy
                0x0000000000118138       0x70 zephyr/kernel/libkernel.a(sched.c.obj)
                0x0000000000118138                _thread_dummy
 .bss.slice_timeouts
                0x00000000001181a8       0x18 zephyr/kernel/libkernel.a(timeslicing.c.obj)
 .bss.curr_tick
                0x00000000001181c0        0x8 zephyr/kernel/libkernel.a(timeout.c.obj)
 .bss.timers    0x00000000001181c8       0x14 zephyr/libzephyr.a(device_power.c.obj)
 .bss.ecs       0x00000000001181dc        0x4 zephyr/libzephyr.a(device_power.c.obj)
 .bss.z_cpus_pm_forced_state
                0x00000000001181e0        0xc zephyr/libzephyr.a(pm.c.obj)
 .bss.z_cpus_pm_state
                0x00000000001181ec        0xc zephyr/libzephyr.a(pm.c.obj)
 .bss.pm_notifiers
                0x00000000001181f8        0x8 zephyr/libzephyr.a(pm.c.obj)
 .bss.z_post_ops_required
                0x0000000000118200        0x4 zephyr/libzephyr.a(pm.c.obj)
 .bss.z_arm_tls_ptr
                0x0000000000118204        0x4 zephyr/arch/arch/arm/core/libarch__arm__core.a(tls.c.obj)
                0x0000000000118204                z_arm_tls_ptr
 .bss._stdout_hook
                0x0000000000118208        0x4 zephyr/lib/libc/picolibc/liblib__libc__picolibc.a(libc-hooks.c.obj)
 .bss.z_malloc_heap
                0x000000000011820c        0xc zephyr/lib/libc/common/liblib__libc__common.a(malloc.c.obj)
 .bss.gpio_xec_port240_276_data
                0x0000000000118218        0xc zephyr/drivers/gpio/libdrivers__gpio.a(gpio_mchp_xec.c.obj)
 .bss.gpio_xec_port200_236_data
                0x0000000000118224        0xc zephyr/drivers/gpio/libdrivers__gpio.a(gpio_mchp_xec.c.obj)
 .bss.gpio_xec_port140_176_data
                0x0000000000118230        0xc zephyr/drivers/gpio/libdrivers__gpio.a(gpio_mchp_xec.c.obj)
 .bss.gpio_xec_port100_136_data
                0x000000000011823c        0xc zephyr/drivers/gpio/libdrivers__gpio.a(gpio_mchp_xec.c.obj)
 .bss.gpio_xec_port040_076_data
                0x0000000000118248        0xc zephyr/drivers/gpio/libdrivers__gpio.a(gpio_mchp_xec.c.obj)
 .bss.gpio_xec_port000_036_data
                0x0000000000118254        0xc zephyr/drivers/gpio/libdrivers__gpio.a(gpio_mchp_xec.c.obj)
 .bss.last_announcement
                0x0000000000118260        0x4 zephyr/drivers/timer/libdrivers__timer.a(mchp_xec_rtos_timer.c.obj)
 .bss.total_cycles
                0x0000000000118264        0x4 zephyr/drivers/timer/libdrivers__timer.a(mchp_xec_rtos_timer.c.obj)
 .bss._cpus_active
                0x0000000000118268        0x4 zephyr/kernel/libkernel.a(init.c.obj)
                0x0000000000118268                _cpus_active
 .bss._kernel   0x000000000011826c       0x24 zephyr/kernel/libkernel.a(init.c.obj)
                0x000000000011826c                _kernel
 .bss.pending_current
                0x0000000000118290        0x4 zephyr/kernel/libkernel.a(timeslicing.c.obj)
                0x0000000000118290                pending_current
 .bss.slice_max_prio
                0x0000000000118294        0x4 zephyr/kernel/libkernel.a(timeslicing.c.obj)
 .bss.slice_ticks
                0x0000000000118298        0x4 zephyr/kernel/libkernel.a(timeslicing.c.obj)
 .bss.announce_remaining
                0x000000000011829c        0x4 zephyr/kernel/libkernel.a(timeout.c.obj)
 .bss.uart_activate
                0x00000000001182a0        0x3 zephyr/libzephyr.a(device_power.c.obj)
 .bss.z_sys_post_kernel
                0x00000000001182a3        0x1 zephyr/kernel/libkernel.a(init.c.obj)
                0x00000000001182a3                z_sys_post_kernel
 .bss._sched_spinlock
                0x00000000001182a4        0x0 zephyr/kernel/libkernel.a(sched.c.obj)
                0x00000000001182a4                _sched_spinlock
 .bss.slice_expired
                0x00000000001182a4        0x1 zephyr/kernel/libkernel.a(timeslicing.c.obj)
 *(SORT_BY_ALIGNMENT(COMMON))
 *(SORT_BY_ALIGNMENT(.kernel_bss.*))
                0x00000000001182a8                __bss_end = ALIGN (0x4)

noinit          0x00000000001182a8      0xd00
 *(SORT_BY_ALIGNMENT(.noinit))
 *(SORT_BY_ALIGNMENT(.noinit.*))
 .noinit."WEST_TOPDIR/zephyr/kernel/init.c".2
                0x00000000001182a8      0x800 zephyr/kernel/libkernel.a(init.c.obj)
                0x00000000001182a8                z_interrupt_stacks
 .noinit."WEST_TOPDIR/zephyr/kernel/init.c".1
                0x0000000000118aa8      0x100 zephyr/kernel/libkernel.a(init.c.obj)
 .noinit."WEST_TOPDIR/zephyr/kernel/init.c".0
                0x0000000000118ba8      0x400 zephyr/kernel/libkernel.a(init.c.obj)
                0x0000000000118ba8                z_main_stack
 *(SORT_BY_ALIGNMENT(.kernel_noinit.*))
                0x0000000000120000                __kernel_ram_end = 0x120000
                0x0000000000007fa8                __kernel_ram_size = (__kernel_ram_end - __kernel_ram_start)

.intList        0x00000000ffff8000       0x78
 *(SORT_BY_ALIGNMENT(.irq_info*))
 .irq_info      0x00000000ffff8000        0x8 zephyr/arch/common/libisr_tables.a(isr_tables.c.obj)
                0x00000000ffff8000                _iheader
 *(SORT_BY_ALIGNMENT(.intList*))
 .intList       0x00000000ffff8008       0x60 zephyr/drivers/gpio/libdrivers__gpio.a(gpio_mchp_xec.c.obj)
 .intList       0x00000000ffff8068       0x10 zephyr/drivers/timer/libdrivers__timer.a(mchp_xec_rtos_timer.c.obj)

.last_ram_section
                0x0000000000118fa8        0x0
                0x0000000000118fa8                _image_ram_end = .
                0x0000000000000fa8                _image_ram_size = (_image_ram_end - _image_ram_start)
                0x0000000000118fa8                _end = .
                0x0000000000118fa8                z_mapped_end = .

.stab
 *(SORT_BY_ALIGNMENT(.stab))

.stabstr
 *(SORT_BY_ALIGNMENT(.stabstr))

.stab.excl
 *(SORT_BY_ALIGNMENT(.stab.excl))

.stab.exclstr
 *(SORT_BY_ALIGNMENT(.stab.exclstr))

.stab.index
 *(SORT_BY_ALIGNMENT(.stab.index))

.stab.indexstr
 *(SORT_BY_ALIGNMENT(.stab.indexstr))

.gnu.build.attributes
 *(SORT_BY_ALIGNMENT(.gnu.build.attributes) SORT_BY_ALIGNMENT(.gnu.build.attributes.*))

.comment        0x0000000000000000       0x20
 *(SORT_BY_ALIGNMENT(.comment))
 .comment       0x0000000000000000       0x20 zephyr/CMakeFiles/offsets.dir/./arch/arm/core/offsets/offsets.c.obj
                                         0x21 (size before relaxing)
 .comment       0x0000000000000020       0x21 app/libapp.a(main.c.obj)
 .comment       0x0000000000000020       0x21 zephyr/libzephyr.a(heap.c.obj)
 .comment       0x0000000000000020       0x21 zephyr/libzephyr.a(printk.c.obj)
 .comment       0x0000000000000020       0x21 zephyr/libzephyr.a(thread_entry.c.obj)
 .comment       0x0000000000000020       0x21 zephyr/libzephyr.a(configs.c.obj)
 .comment       0x0000000000000020       0x21 zephyr/libzephyr.a(soc.c.obj)
 .comment       0x0000000000000020       0x21 zephyr/libzephyr.a(device_power.c.obj)
 .comment       0x0000000000000020       0x21 zephyr/libzephyr.a(power.c.obj)
 .comment       0x0000000000000020       0x21 zephyr/libzephyr.a(pm.c.obj)
 .comment       0x0000000000000020       0x21 zephyr/libzephyr.a(policy.c.obj)
 .comment       0x0000000000000020       0x21 zephyr/libzephyr.a(state.c.obj)
 .comment       0x0000000000000020       0x21 zephyr/arch/arch/arm/core/libarch__arm__core.a(fatal.c.obj)
 .comment       0x0000000000000020       0x21 zephyr/arch/arch/arm/core/libarch__arm__core.a(nmi.c.obj)
 .comment       0x0000000000000020       0x21 zephyr/arch/arch/arm/core/libarch__arm__core.a(tls.c.obj)
 .comment       0x0000000000000020       0x21 zephyr/arch/arch/arm/core/cortex_m/libarch__arm__core__cortex_m.a(exc_exit.c.obj)
 .comment       0x0000000000000020       0x21 zephyr/arch/arch/arm/core/cortex_m/libarch__arm__core__cortex_m.a(fault.c.obj)
 .comment       0x0000000000000020       0x21 zephyr/arch/arch/arm/core/cortex_m/libarch__arm__core__cortex_m.a(thread_abort.c.obj)
 .comment       0x0000000000000020       0x21 zephyr/arch/arch/arm/core/cortex_m/libarch__arm__core__cortex_m.a(swap.c.obj)
 .comment       0x0000000000000020       0x21 zephyr/arch/arch/arm/core/cortex_m/libarch__arm__core__cortex_m.a(irq_manage.c.obj)
 .comment       0x0000000000000020       0x21 zephyr/arch/arch/arm/core/cortex_m/libarch__arm__core__cortex_m.a(prep_c.c.obj)
 .comment       0x0000000000000020       0x21 zephyr/arch/arch/arm/core/cortex_m/libarch__arm__core__cortex_m.a(thread.c.obj)
 .comment       0x0000000000000020       0x21 zephyr/arch/arch/arm/core/cortex_m/libarch__arm__core__cortex_m.a(cpu_idle.c.obj)
 .comment       0x0000000000000020       0x21 zephyr/arch/arch/arm/core/cortex_m/libarch__arm__core__cortex_m.a(irq_init.c.obj)
 .comment       0x0000000000000020       0x21 zephyr/arch/arch/arm/core/cortex_m/libarch__arm__core__cortex_m.a(isr_wrapper.c.obj)
 .comment       0x0000000000000020       0x21 zephyr/lib/libc/picolibc/liblib__libc__picolibc.a(libc-hooks.c.obj)
 .comment       0x0000000000000020       0x21 zephyr/lib/libc/common/liblib__libc__common.a(malloc.c.obj)
 .comment       0x0000000000000020       0x21 zephyr/drivers/clock_control/libdrivers__clock_control.a(clock_control_mchp_xec.c.obj)
 .comment       0x0000000000000020       0x21 zephyr/drivers/console/libdrivers__console.a(uart_console.c.obj)
 .comment       0x0000000000000020       0x21 zephyr/drivers/gpio/libdrivers__gpio.a(gpio_mchp_xec.c.obj)
 .comment       0x0000000000000020       0x21 zephyr/drivers/pinctrl/libdrivers__pinctrl.a(common.c.obj)
 .comment       0x0000000000000020       0x21 zephyr/drivers/pinctrl/libdrivers__pinctrl.a(pinctrl_mchp_xec.c.obj)
 .comment       0x0000000000000020       0x21 zephyr/drivers/serial/libdrivers__serial.a(uart_mchp_xec.c.obj)
 .comment       0x0000000000000020       0x21 zephyr/drivers/timer/libdrivers__timer.a(mchp_xec_rtos_timer.c.obj)
 .comment       0x0000000000000020       0x21 zephyr/kernel/libkernel.a(device.c.obj)
 .comment       0x0000000000000020       0x21 zephyr/kernel/libkernel.a(fatal.c.obj)
 .comment       0x0000000000000020       0x21 zephyr/kernel/libkernel.a(init.c.obj)
 .comment       0x0000000000000020       0x21 zephyr/kernel/libkernel.a(init_static.c.obj)
 .comment       0x0000000000000020       0x21 zephyr/kernel/libkernel.a(idle.c.obj)
 .comment       0x0000000000000020       0x21 zephyr/kernel/libkernel.a(thread.c.obj)
 .comment       0x0000000000000020       0x21 zephyr/kernel/libkernel.a(sched.c.obj)
 .comment       0x0000000000000020       0x21 zephyr/kernel/libkernel.a(timeslicing.c.obj)
 .comment       0x0000000000000020       0x21 zephyr/kernel/libkernel.a(xip.c.obj)
 .comment       0x0000000000000020       0x21 zephyr/kernel/libkernel.a(timeout.c.obj)
 .comment       0x0000000000000020       0x21 zephyr/kernel/libkernel.a(banner.c.obj)
 .comment       0x0000000000000020       0x21 zephyr/arch/common/libisr_tables.a(isr_tables.c.obj)

.debug
 *(SORT_BY_ALIGNMENT(.debug))

.line
 *(SORT_BY_ALIGNMENT(.line))

.debug_srcinfo
 *(SORT_BY_ALIGNMENT(.debug_srcinfo))

.debug_sfnames
 *(SORT_BY_ALIGNMENT(.debug_sfnames))

.debug_aranges  0x0000000000000000      0xd80
 *(SORT_BY_ALIGNMENT(.debug_aranges))
 .debug_aranges
                0x0000000000000000       0x20 zephyr/arch/arch/arm/core/libarch__arm__core.a(nmi_on_reset.S.obj)
 .debug_aranges
                0x0000000000000020       0x20 zephyr/arch/arch/arm/core/cortex_m/libarch__arm__core__cortex_m.a(fault_s.S.obj)
 .debug_aranges
                0x0000000000000040       0x20 zephyr/arch/arch/arm/core/cortex_m/libarch__arm__core__cortex_m.a(reset.S.obj)
 .debug_aranges
                0x0000000000000060       0x28 zephyr/arch/arch/arm/core/cortex_m/libarch__arm__core__cortex_m.a(swap_helper.S.obj)
 .debug_aranges
                0x0000000000000088       0x20 zephyr/arch/arch/arm/core/cortex_m/libarch__arm__core__cortex_m.a(__aeabi_read_tp.S.obj)
 .debug_aranges
                0x00000000000000a8       0x20 zephyr/CMakeFiles/offsets.dir/./arch/arm/core/offsets/offsets.c.obj
 .debug_aranges
                0x00000000000000c8       0x20 app/libapp.a(main.c.obj)
 .debug_aranges
                0x00000000000000e8       0x88 zephyr/libzephyr.a(heap.c.obj)
 .debug_aranges
                0x0000000000000170       0x50 zephyr/libzephyr.a(printk.c.obj)
 .debug_aranges
                0x00000000000001c0       0x20 zephyr/libzephyr.a(thread_entry.c.obj)
 .debug_aranges
                0x00000000000001e0       0x20 zephyr/libzephyr.a(configs.c.obj)
 .debug_aranges
                0x0000000000000200       0x20 zephyr/libzephyr.a(soc.c.obj)
 .debug_aranges
                0x0000000000000220       0x58 zephyr/libzephyr.a(device_power.c.obj)
 .debug_aranges
                0x0000000000000278       0x28 zephyr/libzephyr.a(power.c.obj)
 .debug_aranges
                0x00000000000002a0       0x68 zephyr/libzephyr.a(pm.c.obj)
 .debug_aranges
                0x0000000000000308       0xa0 zephyr/libzephyr.a(policy.c.obj)
 .debug_aranges
                0x00000000000003a8       0x20 zephyr/libzephyr.a(state.c.obj)
 .debug_aranges
                0x00000000000003c8       0x30 zephyr/arch/arch/arm/core/libarch__arm__core.a(fatal.c.obj)
 .debug_aranges
                0x00000000000003f8       0x20 zephyr/arch/arch/arm/core/libarch__arm__core.a(nmi.c.obj)
 .debug_aranges
                0x0000000000000418       0x20 zephyr/arch/arch/arm/core/libarch__arm__core.a(tls.c.obj)
 .debug_aranges
                0x0000000000000438       0x20 zephyr/arch/arch/arm/core/cortex_m/libarch__arm__core__cortex_m.a(exc_exit.c.obj)
 .debug_aranges
                0x0000000000000458       0x40 zephyr/arch/arch/arm/core/cortex_m/libarch__arm__core__cortex_m.a(fault.c.obj)
 .debug_aranges
                0x0000000000000498       0x20 zephyr/arch/arch/arm/core/cortex_m/libarch__arm__core__cortex_m.a(thread_abort.c.obj)
 .debug_aranges
                0x00000000000004b8       0x28 zephyr/arch/arch/arm/core/cortex_m/libarch__arm__core__cortex_m.a(swap.c.obj)
 .debug_aranges
                0x00000000000004e0       0x48 zephyr/arch/arch/arm/core/cortex_m/libarch__arm__core__cortex_m.a(irq_manage.c.obj)
 .debug_aranges
                0x0000000000000528       0x20 zephyr/arch/arch/arm/core/cortex_m/libarch__arm__core__cortex_m.a(prep_c.c.obj)
 .debug_aranges
                0x0000000000000548       0x38 zephyr/arch/arch/arm/core/cortex_m/libarch__arm__core__cortex_m.a(thread.c.obj)
 .debug_aranges
                0x0000000000000580       0x30 zephyr/arch/arch/arm/core/cortex_m/libarch__arm__core__cortex_m.a(cpu_idle.c.obj)
 .debug_aranges
                0x00000000000005b0       0x20 zephyr/arch/arch/arm/core/cortex_m/libarch__arm__core__cortex_m.a(irq_init.c.obj)
 .debug_aranges
                0x00000000000005d0       0x20 zephyr/arch/arch/arm/core/cortex_m/libarch__arm__core__cortex_m.a(isr_wrapper.c.obj)
 .debug_aranges
                0x00000000000005f0       0xb0 zephyr/lib/libc/picolibc/liblib__libc__picolibc.a(libc-hooks.c.obj)
 .debug_aranges
                0x00000000000006a0       0x60 zephyr/lib/libc/common/liblib__libc__common.a(malloc.c.obj)
 .debug_aranges
                0x0000000000000700       0x70 zephyr/drivers/clock_control/libdrivers__clock_control.a(clock_control_mchp_xec.c.obj)
 .debug_aranges
                0x0000000000000770       0x30 zephyr/drivers/console/libdrivers__console.a(uart_console.c.obj)
 .debug_aranges
                0x00000000000007a0       0x90 zephyr/drivers/gpio/libdrivers__gpio.a(gpio_mchp_xec.c.obj)
 .debug_aranges
                0x0000000000000830       0x20 zephyr/drivers/pinctrl/libdrivers__pinctrl.a(common.c.obj)
 .debug_aranges
                0x0000000000000850       0x20 zephyr/drivers/pinctrl/libdrivers__pinctrl.a(pinctrl_mchp_xec.c.obj)
 .debug_aranges
                0x0000000000000870       0x48 zephyr/drivers/serial/libdrivers__serial.a(uart_mchp_xec.c.obj)
 .debug_aranges
                0x00000000000008b8       0x68 zephyr/drivers/timer/libdrivers__timer.a(mchp_xec_rtos_timer.c.obj)
 .debug_aranges
                0x0000000000000920       0x38 zephyr/kernel/libkernel.a(device.c.obj)
 .debug_aranges
                0x0000000000000958       0x38 zephyr/kernel/libkernel.a(fatal.c.obj)
 .debug_aranges
                0x0000000000000990       0x68 zephyr/kernel/libkernel.a(init.c.obj)
 .debug_aranges
                0x00000000000009f8       0x20 zephyr/kernel/libkernel.a(init_static.c.obj)
 .debug_aranges
                0x0000000000000a18       0x28 zephyr/kernel/libkernel.a(idle.c.obj)
 .debug_aranges
                0x0000000000000a40       0x90 zephyr/kernel/libkernel.a(thread.c.obj)
 .debug_aranges
                0x0000000000000ad0      0x188 zephyr/kernel/libkernel.a(sched.c.obj)
 .debug_aranges
                0x0000000000000c58       0x40 zephyr/kernel/libkernel.a(timeslicing.c.obj)
 .debug_aranges
                0x0000000000000c98       0x20 zephyr/kernel/libkernel.a(xip.c.obj)
 .debug_aranges
                0x0000000000000cb8       0x90 zephyr/kernel/libkernel.a(timeout.c.obj)
 .debug_aranges
                0x0000000000000d48       0x20 zephyr/kernel/libkernel.a(banner.c.obj)
 .debug_aranges
                0x0000000000000d68       0x18 zephyr/arch/common/libisr_tables.a(isr_tables.c.obj)

.debug_pubnames
 *(SORT_BY_ALIGNMENT(.debug_pubnames))

.debug_info     0x0000000000000000    0x27e79
 *(SORT_BY_ALIGNMENT(.debug_info) SORT_BY_ALIGNMENT(.gnu.linkonce.wi.*))
 .debug_info    0x0000000000000000       0xdc zephyr/CMakeFiles/offsets.dir/./arch/arm/core/offsets/offsets.c.obj
 .debug_info    0x00000000000000dc       0xc8 app/libapp.a(main.c.obj)
 .debug_info    0x00000000000001a4     0x2fe1 zephyr/libzephyr.a(heap.c.obj)
 .debug_info    0x0000000000003185      0x591 zephyr/libzephyr.a(printk.c.obj)
 .debug_info    0x0000000000003716      0x70d zephyr/libzephyr.a(thread_entry.c.obj)
 .debug_info    0x0000000000003e23       0x38 zephyr/libzephyr.a(configs.c.obj)
 .debug_info    0x0000000000003e5b      0xc94 zephyr/libzephyr.a(soc.c.obj)
 .debug_info    0x0000000000004aef      0xc1b zephyr/libzephyr.a(device_power.c.obj)
 .debug_info    0x000000000000570a      0x675 zephyr/libzephyr.a(power.c.obj)
 .debug_info    0x0000000000005d7f     0x1b87 zephyr/libzephyr.a(pm.c.obj)
 .debug_info    0x0000000000007906     0x238e zephyr/libzephyr.a(policy.c.obj)
 .debug_info    0x0000000000009c94      0x239 zephyr/libzephyr.a(state.c.obj)
 .debug_info    0x0000000000009ecd      0x6b5 zephyr/arch/arch/arm/core/libarch__arm__core.a(fatal.c.obj)
 .debug_info    0x000000000000a582       0xb6 zephyr/arch/arch/arm/core/libarch__arm__core.a(nmi.c.obj)
 .debug_info    0x000000000000a638       0x23 zephyr/arch/arch/arm/core/libarch__arm__core.a(nmi_on_reset.S.obj)
 .debug_info    0x000000000000a65b      0x6e7 zephyr/arch/arch/arm/core/libarch__arm__core.a(tls.c.obj)
 .debug_info    0x000000000000ad42      0x78c zephyr/arch/arch/arm/core/cortex_m/libarch__arm__core__cortex_m.a(exc_exit.c.obj)
 .debug_info    0x000000000000b4ce     0x14b1 zephyr/arch/arch/arm/core/cortex_m/libarch__arm__core__cortex_m.a(fault.c.obj)
 .debug_info    0x000000000000c97f       0x23 zephyr/arch/arch/arm/core/cortex_m/libarch__arm__core__cortex_m.a(fault_s.S.obj)
 .debug_info    0x000000000000c9a2       0x23 zephyr/arch/arch/arm/core/cortex_m/libarch__arm__core__cortex_m.a(reset.S.obj)
 .debug_info    0x000000000000c9c5      0x833 zephyr/arch/arch/arm/core/cortex_m/libarch__arm__core__cortex_m.a(thread_abort.c.obj)
 .debug_info    0x000000000000d1f8      0x9d8 zephyr/arch/arch/arm/core/cortex_m/libarch__arm__core__cortex_m.a(swap.c.obj)
 .debug_info    0x000000000000dbd0       0x22 zephyr/arch/arch/arm/core/cortex_m/libarch__arm__core__cortex_m.a(swap_helper.S.obj)
 .debug_info    0x000000000000dbf2     0x100e zephyr/arch/arch/arm/core/cortex_m/libarch__arm__core__cortex_m.a(irq_manage.c.obj)
 .debug_info    0x000000000000ec00      0x3d8 zephyr/arch/arch/arm/core/cortex_m/libarch__arm__core__cortex_m.a(prep_c.c.obj)
 .debug_info    0x000000000000efd8      0xa6e zephyr/arch/arch/arm/core/cortex_m/libarch__arm__core__cortex_m.a(thread.c.obj)
 .debug_info    0x000000000000fa46      0x48b zephyr/arch/arch/arm/core/cortex_m/libarch__arm__core__cortex_m.a(cpu_idle.c.obj)
 .debug_info    0x000000000000fed1      0x7aa zephyr/arch/arch/arm/core/cortex_m/libarch__arm__core__cortex_m.a(irq_init.c.obj)
 .debug_info    0x000000000001067b      0x6f9 zephyr/arch/arch/arm/core/cortex_m/libarch__arm__core__cortex_m.a(isr_wrapper.c.obj)
 .debug_info    0x0000000000010d74       0x23 zephyr/arch/arch/arm/core/cortex_m/libarch__arm__core__cortex_m.a(__aeabi_read_tp.S.obj)
 .debug_info    0x0000000000010d97      0xf3a zephyr/lib/libc/picolibc/liblib__libc__picolibc.a(libc-hooks.c.obj)
 .debug_info    0x0000000000011cd1      0xdbf zephyr/lib/libc/common/liblib__libc__common.a(malloc.c.obj)
 .debug_info    0x0000000000012a90     0x19bd zephyr/drivers/clock_control/libdrivers__clock_control.a(clock_control_mchp_xec.c.obj)
 .debug_info    0x000000000001444d      0x812 zephyr/drivers/console/libdrivers__console.a(uart_console.c.obj)
 .debug_info    0x0000000000014c5f     0x1934 zephyr/drivers/gpio/libdrivers__gpio.a(gpio_mchp_xec.c.obj)
 .debug_info    0x0000000000016593      0x18a zephyr/drivers/pinctrl/libdrivers__pinctrl.a(common.c.obj)
 .debug_info    0x000000000001671d      0x4be zephyr/drivers/pinctrl/libdrivers__pinctrl.a(pinctrl_mchp_xec.c.obj)
 .debug_info    0x0000000000016bdb     0x16c4 zephyr/drivers/serial/libdrivers__serial.a(uart_mchp_xec.c.obj)
 .debug_info    0x000000000001829f     0x1992 zephyr/drivers/timer/libdrivers__timer.a(mchp_xec_rtos_timer.c.obj)
 .debug_info    0x0000000000019c31      0x343 zephyr/kernel/libkernel.a(device.c.obj)
 .debug_info    0x0000000000019f74      0xcb7 zephyr/kernel/libkernel.a(fatal.c.obj)
 .debug_info    0x000000000001ac2b     0x2093 zephyr/kernel/libkernel.a(init.c.obj)
 .debug_info    0x000000000001ccbe       0x38 zephyr/kernel/libkernel.a(init_static.c.obj)
 .debug_info    0x000000000001ccf6      0x868 zephyr/kernel/libkernel.a(idle.c.obj)
 .debug_info    0x000000000001d55e     0x156d zephyr/kernel/libkernel.a(thread.c.obj)
 .debug_info    0x000000000001eacb     0x64aa zephyr/kernel/libkernel.a(sched.c.obj)
 .debug_info    0x0000000000024f75      0xf4a zephyr/kernel/libkernel.a(timeslicing.c.obj)
 .debug_info    0x0000000000025ebf      0x142 zephyr/kernel/libkernel.a(xip.c.obj)
 .debug_info    0x0000000000026001     0x1be4 zephyr/kernel/libkernel.a(timeout.c.obj)
 .debug_info    0x0000000000027be5       0xc5 zephyr/kernel/libkernel.a(banner.c.obj)
 .debug_info    0x0000000000027caa      0x1cf zephyr/arch/common/libisr_tables.a(isr_tables.c.obj)

.debug_abbrev   0x0000000000000000     0x8629
 *(SORT_BY_ALIGNMENT(.debug_abbrev))
 .debug_abbrev  0x0000000000000000       0x62 zephyr/CMakeFiles/offsets.dir/./arch/arm/core/offsets/offsets.c.obj
 .debug_abbrev  0x0000000000000062       0x90 app/libapp.a(main.c.obj)
 .debug_abbrev  0x00000000000000f2      0x434 zephyr/libzephyr.a(heap.c.obj)
 .debug_abbrev  0x0000000000000526      0x2e2 zephyr/libzephyr.a(printk.c.obj)
 .debug_abbrev  0x0000000000000808      0x2bc zephyr/libzephyr.a(thread_entry.c.obj)
 .debug_abbrev  0x0000000000000ac4       0x2e zephyr/libzephyr.a(configs.c.obj)
 .debug_abbrev  0x0000000000000af2      0x33b zephyr/libzephyr.a(soc.c.obj)
 .debug_abbrev  0x0000000000000e2d      0x295 zephyr/libzephyr.a(device_power.c.obj)
 .debug_abbrev  0x00000000000010c2      0x1d3 zephyr/libzephyr.a(power.c.obj)
 .debug_abbrev  0x0000000000001295      0x50d zephyr/libzephyr.a(pm.c.obj)
 .debug_abbrev  0x00000000000017a2      0x571 zephyr/libzephyr.a(policy.c.obj)
 .debug_abbrev  0x0000000000001d13       0xf8 zephyr/libzephyr.a(state.c.obj)
 .debug_abbrev  0x0000000000001e0b      0x2a4 zephyr/arch/arch/arm/core/libarch__arm__core.a(fatal.c.obj)
 .debug_abbrev  0x00000000000020af       0x70 zephyr/arch/arch/arm/core/libarch__arm__core.a(nmi.c.obj)
 .debug_abbrev  0x000000000000211f       0x14 zephyr/arch/arch/arm/core/libarch__arm__core.a(nmi_on_reset.S.obj)
 .debug_abbrev  0x0000000000002133      0x2a1 zephyr/arch/arch/arm/core/libarch__arm__core.a(tls.c.obj)
 .debug_abbrev  0x00000000000023d4      0x17f zephyr/arch/arch/arm/core/cortex_m/libarch__arm__core__cortex_m.a(exc_exit.c.obj)
 .debug_abbrev  0x0000000000002553      0x411 zephyr/arch/arch/arm/core/cortex_m/libarch__arm__core__cortex_m.a(fault.c.obj)
 .debug_abbrev  0x0000000000002964       0x14 zephyr/arch/arch/arm/core/cortex_m/libarch__arm__core__cortex_m.a(fault_s.S.obj)
 .debug_abbrev  0x0000000000002978       0x14 zephyr/arch/arch/arm/core/cortex_m/libarch__arm__core__cortex_m.a(reset.S.obj)
 .debug_abbrev  0x000000000000298c      0x227 zephyr/arch/arch/arm/core/cortex_m/libarch__arm__core__cortex_m.a(thread_abort.c.obj)
 .debug_abbrev  0x0000000000002bb3      0x2b0 zephyr/arch/arch/arm/core/cortex_m/libarch__arm__core__cortex_m.a(swap.c.obj)
 .debug_abbrev  0x0000000000002e63       0x12 zephyr/arch/arch/arm/core/cortex_m/libarch__arm__core__cortex_m.a(swap_helper.S.obj)
 .debug_abbrev  0x0000000000002e75      0x319 zephyr/arch/arch/arm/core/cortex_m/libarch__arm__core__cortex_m.a(irq_manage.c.obj)
 .debug_abbrev  0x000000000000318e      0x17d zephyr/arch/arch/arm/core/cortex_m/libarch__arm__core__cortex_m.a(prep_c.c.obj)
 .debug_abbrev  0x000000000000330b      0x365 zephyr/arch/arch/arm/core/cortex_m/libarch__arm__core__cortex_m.a(thread.c.obj)
 .debug_abbrev  0x0000000000003670      0x16f zephyr/arch/arch/arm/core/cortex_m/libarch__arm__core__cortex_m.a(cpu_idle.c.obj)
 .debug_abbrev  0x00000000000037df      0x16a zephyr/arch/arch/arm/core/cortex_m/libarch__arm__core__cortex_m.a(irq_init.c.obj)
 .debug_abbrev  0x0000000000003949      0x240 zephyr/arch/arch/arm/core/cortex_m/libarch__arm__core__cortex_m.a(isr_wrapper.c.obj)
 .debug_abbrev  0x0000000000003b89       0x14 zephyr/arch/arch/arm/core/cortex_m/libarch__arm__core__cortex_m.a(__aeabi_read_tp.S.obj)
 .debug_abbrev  0x0000000000003b9d      0x504 zephyr/lib/libc/picolibc/liblib__libc__picolibc.a(libc-hooks.c.obj)
 .debug_abbrev  0x00000000000040a1      0x463 zephyr/lib/libc/common/liblib__libc__common.a(malloc.c.obj)
 .debug_abbrev  0x0000000000004504      0x530 zephyr/drivers/clock_control/libdrivers__clock_control.a(clock_control_mchp_xec.c.obj)
 .debug_abbrev  0x0000000000004a34      0x399 zephyr/drivers/console/libdrivers__console.a(uart_console.c.obj)
 .debug_abbrev  0x0000000000004dcd      0x48f zephyr/drivers/gpio/libdrivers__gpio.a(gpio_mchp_xec.c.obj)
 .debug_abbrev  0x000000000000525c       0xd0 zephyr/drivers/pinctrl/libdrivers__pinctrl.a(common.c.obj)
 .debug_abbrev  0x000000000000532c      0x1b7 zephyr/drivers/pinctrl/libdrivers__pinctrl.a(pinctrl_mchp_xec.c.obj)
 .debug_abbrev  0x00000000000054e3      0x48e zephyr/drivers/serial/libdrivers__serial.a(uart_mchp_xec.c.obj)
 .debug_abbrev  0x0000000000005971      0x60a zephyr/drivers/timer/libdrivers__timer.a(mchp_xec_rtos_timer.c.obj)
 .debug_abbrev  0x0000000000005f7b      0x1bc zephyr/kernel/libkernel.a(device.c.obj)
 .debug_abbrev  0x0000000000006137      0x3c3 zephyr/kernel/libkernel.a(fatal.c.obj)
 .debug_abbrev  0x00000000000064fa      0x6f1 zephyr/kernel/libkernel.a(init.c.obj)
 .debug_abbrev  0x0000000000006beb       0x2e zephyr/kernel/libkernel.a(init_static.c.obj)
 .debug_abbrev  0x0000000000006c19      0x2fd zephyr/kernel/libkernel.a(idle.c.obj)
 .debug_abbrev  0x0000000000006f16      0x4de zephyr/kernel/libkernel.a(thread.c.obj)
 .debug_abbrev  0x00000000000073f4      0x67b zephyr/kernel/libkernel.a(sched.c.obj)
 .debug_abbrev  0x0000000000007a6f      0x42f zephyr/kernel/libkernel.a(timeslicing.c.obj)
 .debug_abbrev  0x0000000000007e9e       0xbe zephyr/kernel/libkernel.a(xip.c.obj)
 .debug_abbrev  0x0000000000007f5c      0x524 zephyr/kernel/libkernel.a(timeout.c.obj)
 .debug_abbrev  0x0000000000008480       0x8f zephyr/kernel/libkernel.a(banner.c.obj)
 .debug_abbrev  0x000000000000850f      0x11a zephyr/arch/common/libisr_tables.a(isr_tables.c.obj)

.debug_line     0x0000000000000000    0x13b80
 *(SORT_BY_ALIGNMENT(.debug_line) SORT_BY_ALIGNMENT(.debug_line.*) SORT_BY_ALIGNMENT(.debug_line_end))
 .debug_line    0x0000000000000000      0x135 zephyr/CMakeFiles/offsets.dir/./arch/arm/core/offsets/offsets.c.obj
 .debug_line    0x0000000000000135       0xcd app/libapp.a(main.c.obj)
 .debug_line    0x0000000000000202     0x1152 zephyr/libzephyr.a(heap.c.obj)
 .debug_line    0x0000000000001354      0x3eb zephyr/libzephyr.a(printk.c.obj)
 .debug_line    0x000000000000173f      0x3e6 zephyr/libzephyr.a(thread_entry.c.obj)
 .debug_line    0x0000000000001b25      0x1c0 zephyr/libzephyr.a(configs.c.obj)
 .debug_line    0x0000000000001ce5      0x35c zephyr/libzephyr.a(soc.c.obj)
 .debug_line    0x0000000000002041      0x462 zephyr/libzephyr.a(device_power.c.obj)
 .debug_line    0x00000000000024a3      0x441 zephyr/libzephyr.a(power.c.obj)
 .debug_line    0x00000000000028e4      0xca5 zephyr/libzephyr.a(pm.c.obj)
 .debug_line    0x0000000000003589     0x1269 zephyr/libzephyr.a(policy.c.obj)
 .debug_line    0x00000000000047f2      0x1d3 zephyr/libzephyr.a(state.c.obj)
 .debug_line    0x00000000000049c5      0x351 zephyr/arch/arch/arm/core/libarch__arm__core.a(fatal.c.obj)
 .debug_line    0x0000000000004d16       0xbd zephyr/arch/arch/arm/core/libarch__arm__core.a(nmi.c.obj)
 .debug_line    0x0000000000004dd3       0x70 zephyr/arch/arch/arm/core/libarch__arm__core.a(nmi_on_reset.S.obj)
 .debug_line    0x0000000000004e43      0x413 zephyr/arch/arch/arm/core/libarch__arm__core.a(tls.c.obj)
 .debug_line    0x0000000000005256      0x33e zephyr/arch/arch/arm/core/cortex_m/libarch__arm__core__cortex_m.a(exc_exit.c.obj)
 .debug_line    0x0000000000005594      0x8d9 zephyr/arch/arch/arm/core/cortex_m/libarch__arm__core__cortex_m.a(fault.c.obj)
 .debug_line    0x0000000000005e6d       0x7d zephyr/arch/arch/arm/core/cortex_m/libarch__arm__core__cortex_m.a(fault_s.S.obj)
 .debug_line    0x0000000000005eea       0x82 zephyr/arch/arch/arm/core/cortex_m/libarch__arm__core__cortex_m.a(reset.S.obj)
 .debug_line    0x0000000000005f6c      0x409 zephyr/arch/arch/arm/core/cortex_m/libarch__arm__core__cortex_m.a(thread_abort.c.obj)
 .debug_line    0x0000000000006375      0x475 zephyr/arch/arch/arm/core/cortex_m/libarch__arm__core__cortex_m.a(swap.c.obj)
 .debug_line    0x00000000000067ea       0xb5 zephyr/arch/arch/arm/core/cortex_m/libarch__arm__core__cortex_m.a(swap_helper.S.obj)
 .debug_line    0x000000000000689f      0x59e zephyr/arch/arch/arm/core/cortex_m/libarch__arm__core__cortex_m.a(irq_manage.c.obj)
 .debug_line    0x0000000000006e3d      0x30d zephyr/arch/arch/arm/core/cortex_m/libarch__arm__core__cortex_m.a(prep_c.c.obj)
 .debug_line    0x000000000000714a      0x580 zephyr/arch/arch/arm/core/cortex_m/libarch__arm__core__cortex_m.a(thread.c.obj)
 .debug_line    0x00000000000076ca      0x321 zephyr/arch/arch/arm/core/cortex_m/libarch__arm__core__cortex_m.a(cpu_idle.c.obj)
 .debug_line    0x00000000000079eb      0x249 zephyr/arch/arch/arm/core/cortex_m/libarch__arm__core__cortex_m.a(irq_init.c.obj)
 .debug_line    0x0000000000007c34      0x44c zephyr/arch/arch/arm/core/cortex_m/libarch__arm__core__cortex_m.a(isr_wrapper.c.obj)
 .debug_line    0x0000000000008080       0x7e zephyr/arch/arch/arm/core/cortex_m/libarch__arm__core__cortex_m.a(__aeabi_read_tp.S.obj)
 .debug_line    0x00000000000080fe      0x773 zephyr/lib/libc/picolibc/liblib__libc__picolibc.a(libc-hooks.c.obj)
 .debug_line    0x0000000000008871      0x6cf zephyr/lib/libc/common/liblib__libc__common.a(malloc.c.obj)
 .debug_line    0x0000000000008f40      0xb0b zephyr/drivers/clock_control/libdrivers__clock_control.a(clock_control_mchp_xec.c.obj)
 .debug_line    0x0000000000009a4b      0x400 zephyr/drivers/console/libdrivers__console.a(uart_console.c.obj)
 .debug_line    0x0000000000009e4b      0x9a2 zephyr/drivers/gpio/libdrivers__gpio.a(gpio_mchp_xec.c.obj)
 .debug_line    0x000000000000a7ed      0x1e7 zephyr/drivers/pinctrl/libdrivers__pinctrl.a(common.c.obj)
 .debug_line    0x000000000000a9d4      0x410 zephyr/drivers/pinctrl/libdrivers__pinctrl.a(pinctrl_mchp_xec.c.obj)
 .debug_line    0x000000000000ade4      0x9ed zephyr/drivers/serial/libdrivers__serial.a(uart_mchp_xec.c.obj)
 .debug_line    0x000000000000b7d1      0xa53 zephyr/drivers/timer/libdrivers__timer.a(mchp_xec_rtos_timer.c.obj)
 .debug_line    0x000000000000c224      0x36f zephyr/kernel/libkernel.a(device.c.obj)
 .debug_line    0x000000000000c593      0x685 zephyr/kernel/libkernel.a(fatal.c.obj)
 .debug_line    0x000000000000cc18      0xd14 zephyr/kernel/libkernel.a(init.c.obj)
 .debug_line    0x000000000000d92c       0x69 zephyr/kernel/libkernel.a(init_static.c.obj)
 .debug_line    0x000000000000d995      0x518 zephyr/kernel/libkernel.a(idle.c.obj)
 .debug_line    0x000000000000dead      0xada zephyr/kernel/libkernel.a(thread.c.obj)
 .debug_line    0x000000000000e987     0x34c4 zephyr/kernel/libkernel.a(sched.c.obj)
 .debug_line    0x0000000000011e4b      0x70e zephyr/kernel/libkernel.a(timeslicing.c.obj)
 .debug_line    0x0000000000012559      0x217 zephyr/kernel/libkernel.a(xip.c.obj)
 .debug_line    0x0000000000012770     0x120b zephyr/kernel/libkernel.a(timeout.c.obj)
 .debug_line    0x000000000001397b       0xa9 zephyr/kernel/libkernel.a(banner.c.obj)
 .debug_line    0x0000000000013a24      0x15c zephyr/arch/common/libisr_tables.a(isr_tables.c.obj)

.debug_frame    0x0000000000000000     0x1d78
 *(SORT_BY_ALIGNMENT(.debug_frame))
 .debug_frame   0x0000000000000000       0x20 zephyr/CMakeFiles/offsets.dir/./arch/arm/core/offsets/offsets.c.obj
 .debug_frame   0x0000000000000020       0x28 app/libapp.a(main.c.obj)
 .debug_frame   0x0000000000000048      0x1d4 zephyr/libzephyr.a(heap.c.obj)
 .debug_frame   0x000000000000021c       0xbc zephyr/libzephyr.a(printk.c.obj)
 .debug_frame   0x00000000000002d8       0x28 zephyr/libzephyr.a(thread_entry.c.obj)
 .debug_frame   0x0000000000000300       0x20 zephyr/libzephyr.a(configs.c.obj)